Component: Arm Compiler for Embedded 6.19 Tool: armlink [5e73cb00]

==============================================================================

Section Cross References

    startup.o(STACK) refers (Special) to heapauxi.o(.text) for __use_two_region_memory
    startup.o(HEAP) refers (Special) to heapauxi.o(.text) for __use_two_region_memory
    startup.o(RESET) refers (Special) to heapauxi.o(.text) for __use_two_region_memory
    startup.o(RESET) refers to startup.o(STACK) for StackMem
    startup.o(RESET) refers to lab8.o(.text.Timer3A_Handler) for Timer3A_Handler
    startup.o(RESET) refers to texas.o(.text.Timer5A_Handler) for Timer5A_Handler
    startup.o(RESET) refers to __main.o(!!!main) for __main
    startup.o(.text) refers (Special) to heapauxi.o(.text) for __use_two_region_memory
    startup.o(.text) refers to startup.o(HEAP) for HeapMem
    startup.o(.text) refers to startup.o(STACK) for StackMem
    lab8.o(.ARM.exidx.text.PortF_Init) refers to lab8.o(.text.PortF_Init) for [Anonymous Symbol]
    lab8.o(.text.main1) refers to texas.o(.text.TExaS_Init) for TExaS_Init
    lab8.o(.text.main1) refers to adc.o(.text.ADC_Init) for ADC_Init
    lab8.o(.text.main1) refers to lab8.o(.bss.Data) for Data
    lab8.o(.text.main1) refers to adc.o(.text.ADC_In) for ADC_In
    lab8.o(.ARM.exidx.text.main1) refers to lab8.o(.text.main1) for [Anonymous Symbol]
    lab8.o(.text.main2) refers to texas.o(.text.TExaS_Init) for TExaS_Init
    lab8.o(.text.main2) refers to adc.o(.text.ADC_Init) for ADC_Init
    lab8.o(.text.main2) refers to st7735.o(.text.ST7735_InitR) for ST7735_InitR
    lab8.o(.text.main2) refers to lab8.o(.bss.startTime) for startTime
    lab8.o(.text.main2) refers to lab8.o(.bss.Data) for Data
    lab8.o(.text.main2) refers to lab8.o(.bss.stopTime) for stopTime
    lab8.o(.text.main2) refers to lab8.o(.rodata.str1.1) for .L.str
    lab8.o(.text.main2) refers to lab8.o(.bss.OutDectime) for OutDectime
    lab8.o(.text.main2) refers to adc.o(.text.ADC_In) for ADC_In
    lab8.o(.text.main2) refers to lab8.o(.bss.ADCtime) for ADCtime
    lab8.o(.text.main2) refers to st7735.o(.text.ST7735_SetCursor) for ST7735_SetCursor
    lab8.o(.text.main2) refers to st7735.o(.text.ST7735_OutUDec) for ST7735_OutUDec
    lab8.o(.text.main2) refers to st7735.o(.text.ST7735_OutString) for ST7735_OutString
    lab8.o(.ARM.exidx.text.main2) refers to lab8.o(.text.main2) for [Anonymous Symbol]
    lab8.o(.text.Convert) refers to fflt_clz.o(x$fpl$ffltu) for __aeabi_ui2f
    lab8.o(.text.Convert) refers to fmul.o(x$fpl$fmul) for __aeabi_fmul
    lab8.o(.text.Convert) refers to ffix.o(x$fpl$ffix) for __aeabi_f2iz
    lab8.o(.ARM.exidx.text.Convert) refers to lab8.o(.text.Convert) for [Anonymous Symbol]
    lab8.o(.text.main3) refers to texas.o(.text.TExaS_Init) for TExaS_Init
    lab8.o(.text.main3) refers to st7735.o(.text.ST7735_InitR) for ST7735_InitR
    lab8.o(.text.main3) refers to adc.o(.text.ADC_Init) for ADC_Init
    lab8.o(.text.main3) refers to st7735.o(.text.ST7735_PlotClear) for ST7735_PlotClear
    lab8.o(.text.main3) refers to lab8.o(.bss.Data) for Data
    lab8.o(.text.main3) refers to lab8.o(.bss.Position) for Position
    lab8.o(.text.main3) refers to lab8.o(.bss.stopTime) for stopTime
    lab8.o(.text.main3) refers to adc.o(.text.ADC_In) for ADC_In
    lab8.o(.text.main3) refers to lab8.o(.bss.startTime) for startTime
    lab8.o(.text.main3) refers to fflt_clz.o(x$fpl$ffltu) for __aeabi_ui2f
    lab8.o(.text.main3) refers to fmul.o(x$fpl$fmul) for __aeabi_fmul
    lab8.o(.text.main3) refers to ffix.o(x$fpl$ffix) for __aeabi_f2iz
    lab8.o(.text.main3) refers to lab8.o(.bss.Converttime) for Converttime
    lab8.o(.text.main3) refers to st7735.o(.text.ST7735_SetCursor) for ST7735_SetCursor
    lab8.o(.text.main3) refers to st7735.o(.text.ST7735_OutUDec) for ST7735_OutUDec
    lab8.o(.text.main3) refers to lab8.o(.rodata.str1.1) for .L.str
    lab8.o(.text.main3) refers to st7735.o(.text.ST7735_OutString) for ST7735_OutString
    lab8.o(.text.main3) refers to st7735.o(.text.ST7735_OutFix) for ST7735_OutFix
    lab8.o(.text.main3) refers to lab8.o(.bss.OutFixtime) for OutFixtime
    lab8.o(.text.main3) refers to st7735.o(.text.ST7735_PlotPoint) for ST7735_PlotPoint
    lab8.o(.text.main3) refers to st7735.o(.text.ST7735_PlotNextErase) for ST7735_PlotNextErase
    lab8.o(.ARM.exidx.text.main3) refers to lab8.o(.text.main3) for [Anonymous Symbol]
    lab8.o(.text.main4) refers to startup.o(.text) for DisableInterrupts
    lab8.o(.text.main4) refers to texas.o(.text.TExaS_Init) for TExaS_Init
    lab8.o(.text.main4) refers to st7735.o(.text.ST7735_InitR) for ST7735_InitR
    lab8.o(.text.main4) refers to adc.o(.text.ADC_Init) for ADC_Init
    lab8.o(.text.main4) refers to lab8.o(.bss.Center) for Center
    lab8.o(.text.main4) refers to lab8.o(.bss.Histogram) for Histogram
    lab8.o(.text.main4) refers to lab8.o(.bss.Data) for Data
    lab8.o(.text.main4) refers to adc.o(.text.ADC_In) for ADC_In
[...]
    st7735.o(.text.ST7735_PlotPoints) refers to st7735.o(.bss.Ymax) for Ymax
    st7735.o(.text.ST7735_PlotPoints) refers to st7735.o(.bss.Yrange) for Yrange
    st7735.o(.text.ST7735_PlotPoints) refers to st7735.o(.bss.X) for X
    st7735.o(.text.ST7735_PlotPoints) refers to st7735.o(.bss._width) for _width
    st7735.o(.text.ST7735_PlotPoints) refers to st7735.o(.bss._height) for _height
    st7735.o(.text.ST7735_PlotPoints) refers to st7735.o(.text.setAddrWindow) for setAddrWindow
    st7735.o(.text.ST7735_PlotPoints) refers to busywait.o(.text) for SPIOutData
    st7735.o(.ARM.exidx.text.ST7735_PlotPoints) refers to st7735.o(.text.ST7735_PlotPoints) for [Anonymous Symbol]
    st7735.o(.text.ST7735_PlotBar) refers to st7735.o(.bss.Ymin) for Ymin
    st7735.o(.text.ST7735_PlotBar) refers to st7735.o(.bss.Ymax) for Ymax
    st7735.o(.text.ST7735_PlotBar) refers to st7735.o(.bss.X) for X
    st7735.o(.text.ST7735_PlotBar) refers to st7735.o(.bss._width) for _width
    st7735.o(.text.ST7735_PlotBar) refers to st7735.o(.bss.Yrange) for Yrange
    st7735.o(.text.ST7735_PlotBar) refers to st7735.o(.bss._height) for _height
    st7735.o(.text.ST7735_PlotBar) refers to st7735.o(.text.setAddrWindow) for setAddrWindow
    st7735.o(.text.ST7735_PlotBar) refers to busywait.o(.text) for SPIOutData
    st7735.o(.ARM.exidx.text.ST7735_PlotBar) refers to st7735.o(.text.ST7735_PlotBar) for [Anonymous Symbol]
    st7735.o(.text.ST7735_PlotdBfs) refers to st7735.o(.bss.X) for X
    st7735.o(.text.ST7735_PlotdBfs) refers to st7735.o(.bss._width) for _width
    st7735.o(.text.ST7735_PlotdBfs) refers to st7735.o(.rodata.dBfs) for dBfs
    st7735.o(.text.ST7735_PlotdBfs) refers to st7735.o(.bss._height) for _height
    st7735.o(.text.ST7735_PlotdBfs) refers to st7735.o(.text.setAddrWindow) for setAddrWindow
    st7735.o(.text.ST7735_PlotdBfs) refers to busywait.o(.text) for SPIOutData
    st7735.o(.ARM.exidx.text.ST7735_PlotdBfs) refers to st7735.o(.text.ST7735_PlotdBfs) for [Anonymous Symbol]
    st7735.o(.text.ST7735_PlotNext) refers to st7735.o(.bss.X) for X
    st7735.o(.ARM.exidx.text.ST7735_PlotNext) refers to st7735.o(.text.ST7735_PlotNext) for [Anonymous Symbol]
    st7735.o(.text.ST7735_PlotNextErase) refers to st7735.o(.bss.X) for X
    st7735.o(.text.ST7735_PlotNextErase) refers to st7735.o(.bss._width) for _width
    st7735.o(.text.ST7735_PlotNextErase) refers to st7735.o(.bss._height) for _height
    st7735.o(.text.ST7735_PlotNextErase) refers to st7735.o(.text.setAddrWindow) for setAddrWindow
    st7735.o(.text.ST7735_PlotNextErase) refers to busywait.o(.text) for SPIOutData
    st7735.o(.ARM.exidx.text.ST7735_PlotNextErase) refers to st7735.o(.text.ST7735_PlotNextErase) for [Anonymous Symbol]
    st7735.o(.text.ST7735_OutChar) refers to st7735.o(.bss.StY) for StY
    st7735.o(.text.ST7735_OutChar) refers to st7735.o(.bss.StX) for StX
    st7735.o(.text.ST7735_OutChar) refers to st7735.o(.data.StTextColor) for StTextColor
    st7735.o(.text.ST7735_OutChar) refers to st7735.o(.text.ST7735_DrawCharS) for ST7735_DrawCharS
    st7735.o(.ARM.exidx.text.ST7735_OutChar) refers to st7735.o(.text.ST7735_OutChar) for [Anonymous Symbol]
    st7735.o(.text.ST7735_OutString) refers to st7735.o(.text.ST7735_OutChar) for ST7735_OutChar
    st7735.o(.ARM.exidx.text.ST7735_OutString) refers to st7735.o(.text.ST7735_OutString) for [Anonymous Symbol]
    st7735.o(.text.ST7735_SetTextColor) refers to st7735.o(.data.StTextColor) for StTextColor
    st7735.o(.ARM.exidx.text.ST7735_SetTextColor) refers to st7735.o(.text.ST7735_SetTextColor) for [Anonymous Symbol]
    st7735.o(.text.fputc) refers to st7735.o(.text.ST7735_OutChar) for ST7735_OutChar
    st7735.o(.ARM.exidx.text.fputc) refers to st7735.o(.text.fputc) for [Anonymous Symbol]
    st7735.o(.ARM.exidx.text.fgetc) refers to st7735.o(.text.fgetc) for [Anonymous Symbol]
    st7735.o(.ARM.exidx.text.ferror) refers to st7735.o(.text.ferror) for [Anonymous Symbol]
    st7735.o(.text.Output_Init) refers to st7735.o(.rodata.Rcmd1) for Rcmd1
    st7735.o(.text.Output_Init) refers to st7735.o(.text.commonInit) for commonInit
    st7735.o(.text.Output_Init) refers to st7735.o(.rodata.Rcmd2red) for Rcmd2red
    st7735.o(.text.Output_Init) refers to st7735.o(.text.commandList) for commandList
    st7735.o(.text.Output_Init) refers to st7735.o(.rodata.Rcmd3) for Rcmd3
    st7735.o(.text.Output_Init) refers to st7735.o(.bss.TabColor) for TabColor
    st7735.o(.text.Output_Init) refers to st7735.o(.data.StTextColor) for StTextColor
    st7735.o(.text.Output_Init) refers to st7735.o(.bss._width) for _width
    st7735.o(.text.Output_Init) refers to st7735.o(.bss.StX) for StX
    st7735.o(.text.Output_Init) refers to st7735.o(.bss._height) for _height
    st7735.o(.text.Output_Init) refers to st7735.o(.bss.StY) for StY
    st7735.o(.text.Output_Init) refers to st7735.o(.text.ST7735_FillRect) for ST7735_FillRect
    st7735.o(.ARM.exidx.text.Output_Init) refers to st7735.o(.text.Output_Init) for [Anonymous Symbol]
    st7735.o(.text.Output_Clear) refers to st7735.o(.bss._width) for _width
    st7735.o(.text.Output_Clear) refers to st7735.o(.bss._height) for _height
    st7735.o(.text.Output_Clear) refers to st7735.o(.text.ST7735_FillRect) for ST7735_FillRect
    st7735.o(.ARM.exidx.text.Output_Clear) refers to st7735.o(.text.Output_Clear) for [Anonymous Symbol]
    st7735.o(.text.Output_Off) refers to st7735.o(.bss._width) for _width
    st7735.o(.text.Output_Off) refers to st7735.o(.bss._height) for _height
    st7735.o(.text.Output_Off) refers to st7735.o(.text.ST7735_FillRect) for ST7735_FillRect
    st7735.o(.ARM.exidx.text.Output_Off) refers to st7735.o(.text.Output_Off) for [Anonymous Symbol]
    st7735.o(.text.Output_On) refers to st7735.o(.rodata.Rcmd1) for Rcmd1
    st7735.o(.text.Output_On) refers to st7735.o(.text.commonInit) for commonInit
    st7735.o(.text.Output_On) refers to st7735.o(.rodata.Rcmd2red) for Rcmd2red
    st7735.o(.text.Output_On) refers to st7735.o(.text.commandList) for commandList
    st7735.o(.text.Output_On) refers to st7735.o(.rodata.Rcmd3) for Rcmd3
    st7735.o(.text.Output_On) refers to st7735.o(.bss.TabColor) for TabColor
    st7735.o(.text.Output_On) refers to st7735.o(.data.StTextColor) for StTextColor
    st7735.o(.text.Output_On) refers to st7735.o(.bss._width) for _width
    st7735.o(.text.Output_On) refers to st7735.o(.bss.StX) for StX
    st7735.o(.text.Output_On) refers to st7735.o(.bss._height) for _height
    st7735.o(.text.Output_On) refers to st7735.o(.bss.StY) for StY
    st7735.o(.text.Output_On) refers to st7735.o(.text.ST7735_FillRect) for ST7735_FillRect
    st7735.o(.ARM.exidx.text.Output_On) refers to st7735.o(.text.Output_On) for [Anonymous Symbol]
    st7735.o(.text.Output_Color) refers to st7735.o(.data.StTextColor) for StTextColor
    st7735.o(.ARM.exidx.text.Output_Color) refers to st7735.o(.text.Output_Color) for [Anonymous Symbol]
    adc.o(.ARM.exidx.text.ADC_Init) refers to adc.o(.text.ADC_Init) for [Anonymous Symbol]
    adc.o(.ARM.exidx.text.ADC_In) refers to adc.o(.text.ADC_In) for [Anonymous Symbol]
    __main.o(!!!main) refers to __rtentry.o(.ARM.Collect$$rtentry$$00000000) for __rt_entry
    ffix.o(x$fpl$ffix) refers (Special) to usenofp.o(x$fpl$usenofp) for __I$use$fp
    ffix.o(x$fpl$ffix) refers to fnaninf.o(x$fpl$fnaninf) for __fpl_fnaninf
    ffix.o(x$fpl$ffixr) refers (Special) to usenofp.o(x$fpl$usenofp) for __I$use$fp
    ffix.o(x$fpl$ffixr) refers to fnaninf.o(x$fpl$fnaninf) for __fpl_fnaninf
    fflt_clz.o(x$fpl$ffltu) refers (Special) to usenofp.o(x$fpl$usenofp) for __I$use$fp
    fflt_clz.o(x$fpl$fflt) refers (Special) to usenofp.o(x$fpl$usenofp) for __I$use$fp
    fflt_clz.o(x$fpl$ffltn) refers (Special) to usenofp.o(x$fpl$usenofp) for __I$use$fp
    fmul.o(x$fpl$fmul) refers (Special) to usenofp.o(x$fpl$usenofp) for __I$use$fp
    fmul.o(x$fpl$fmul) refers to fretinf.o(x$fpl$fretinf) for __fpl_fretinf
    fmul.o(x$fpl$fmul) refers to fnaninf.o(x$fpl$fnaninf) for __fpl_fnaninf
    __rtentry.o(.ARM.Collect$$rtentry$$00000000) refers (Special) to __rtentry2.o(.ARM.Collect$$rtentry$$0000000A) for __rt_entry_li
    __rtentry.o(.ARM.Collect$$rtentry$$00000000) refers (Special) to __rtentry2.o(.ARM.Collect$$rtentry$$0000000D) for __rt_entry_main
    __rtentry.o(.ARM.Collect$$rtentry$$00000000) refers (Special) to __rtentry2.o(.ARM.Collect$$rtentry$$0000000C) for __rt_entry_postli_1
    __rtentry.o(.ARM.Collect$$rtentry$$00000000) refers (Special) to __rtentry2.o(.ARM.Collect$$rtentry$$00000009) for __rt_entry_postsh_1
    __rtentry.o(.ARM.Collect$$rtentry$$00000000) refers (Special) to __rtentry2.o(.ARM.Collect$$rtentry$$00000002) for __rt_entry_presh_1
    __rtentry.o(.ARM.Collect$$rtentry$$00000000) refers (Special) to __rtentry4.o(.ARM.Collect$$rtentry$$00000004) for __rt_entry_sh
    fnaninf.o(x$fpl$fnaninf) refers (Special) to usenofp.o(x$fpl$usenofp) for __I$use$fp
    fretinf.o(x$fpl$fretinf) refers (Special) to usenofp.o(x$fpl$usenofp) for __I$use$fp
    __rtentry2.o(.ARM.Collect$$rtentry$$00000008) refers to boardinit2.o(.text) for _platform_post_stackheap_init
    __rtentry2.o(.ARM.Collect$$rtentry$$0000000A) refers to libinit.o(.ARM.Collect$$libinit$$00000000) for __rt_lib_init
    __rtentry2.o(.ARM.Collect$$rtentry$$0000000B) refers to boardinit3.o(.text) for _platform_post_lib_init
    __rtentry2.o(.ARM.Collect$$rtentry$$0000000D) refers to lab8.o(.text.main) for main
    __rtentry2.o(.ARM.Collect$$rtentry$$0000000D) refers to exit.o(.text) for exit
    __rtentry2.o(.ARM.exidx) refers to __rtentry2.o(.ARM.Collect$$rtentry$$00000001) for .ARM.Collect$$rtentry$$00000001
    __rtentry2.o(.ARM.exidx) refers to __rtentry2.o(.ARM.Collect$$rtentry$$00000008) for .ARM.Collect$$rtentry$$00000008
    __rtentry2.o(.ARM.exidx) refers to __rtentry2.o(.ARM.Collect$$rtentry$$0000000A) for .ARM.Collect$$rtentry$$0000000A
    __rtentry2.o(.ARM.exidx) refers to __rtentry2.o(.ARM.Collect$$rtentry$$0000000B) for .ARM.Collect$$rtentry$$0000000B
    __rtentry2.o(.ARM.exidx) refers to __rtentry2.o(.ARM.Collect$$rtentry$$0000000D) for .ARM.Collect$$rtentry$$0000000D
    __rtentry4.o(.ARM.Collect$$rtentry$$00000004) refers to sys_stackheap_outer.o(.text) for __user_setup_stackheap
    __rtentry4.o(.ARM.exidx) refers to __rtentry4.o(.ARM.Collect$$rtentry$$00000004) for .ARM.Collect$$rtentry$$00000004
    sys_stackheap_outer.o(.text) refers to libspace.o(.text) for __user_perproc_libspace
    sys_stackheap_outer.o(.text) refers to startup.o(.text) for __user_initial_stackheap
    exit.o(.text) refers to rtexit.o(.ARM.Collect$$rtexit$$00000000) for __rt_exit
    libinit.o(.ARM.Collect$$libinit$$00000000) refers (Special) to libinit2.o(.ARM.Collect$$libinit$$00000030) for __rt_lib_init_alloca_1
    libinit.o(.ARM.Collect$$libinit$$00000000) refers (Special) to libinit2.o(.ARM.Collect$$libinit$$0000002E) for __rt_lib_init_argv_1
    libinit.o(.ARM.Collect$$libinit$$00000000) refers (Special) to libinit2.o(.ARM.Collect$$libinit$$0000001D) for __rt_lib_init_atexit_1
    libinit.o(.ARM.Collect$$libinit$$00000000) refers (Special) to libinit2.o(.ARM.Collect$$libinit$$00000023) for __rt_lib_init_clock_1
    libinit.o(.ARM.Collect$$libinit$$00000000) refers (Special) to libinit2.o(.ARM.Collect$$libinit$$00000034) for __rt_lib_init_cpp_1
    libinit.o(.ARM.Collect$$libinit$$00000000) refers (Special) to libinit2.o(.ARM.Collect$$libinit$$00000032) for __rt_lib_init_exceptions_1
    libinit.o(.ARM.Collect$$libinit$$00000000) refers (Special) to libinit2.o(.ARM.Collect$$libinit$$00000002) for __rt_lib_init_fp_1
    libinit.o(.ARM.Collect$$libinit$$00000000) refers (Special) to libinit2.o(.ARM.Collect$$libinit$$00000021) for __rt_lib_init_fp_trap_1
    libinit.o(.ARM.Collect$$libinit$$00000000) refers (Special) to libinit2.o(.ARM.Collect$$libinit$$00000025) for __rt_lib_init_getenv_1
    libinit.o(.ARM.Collect$$libinit$$00000000) refers (Special) to libinit2.o(.ARM.Collect$$libinit$$0000000C) for __rt_lib_init_heap_1
    libinit.o(.ARM.Collect$$libinit$$00000000) refers (Special) to libinit2.o(.ARM.Collect$$libinit$$00000013) for __rt_lib_init_lc_collate_1
    libinit.o(.ARM.Collect$$libinit$$00000000) refers (Special) to libinit2.o(.ARM.Collect$$libinit$$00000015) for __rt_lib_init_lc_ctype_1
    libinit.o(.ARM.Collect$$libinit$$00000000) refers (Special) to libinit2.o(.ARM.Collect$$libinit$$00000017) for __rt_lib_init_lc_monetary_1
    libinit.o(.ARM.Collect$$libinit$$00000000) refers (Special) to libinit2.o(.ARM.Collect$$libinit$$00000019) for __rt_lib_init_lc_numeric_1
    libinit.o(.ARM.Collect$$libinit$$00000000) refers (Special) to libinit2.o(.ARM.Collect$$libinit$$0000001B) for __rt_lib_init_lc_time_1
    libinit.o(.ARM.Collect$$libinit$$00000000) refers (Special) to libinit2.o(.ARM.Collect$$libinit$$00000006) for __rt_lib_init_preinit_1
    libinit.o(.ARM.Collect$$libinit$$00000000) refers (Special) to libinit2.o(.ARM.Collect$$libinit$$00000010) for __rt_lib_init_rand_1
    libinit.o(.ARM.Collect$$libinit$$00000000) refers (Special) to libinit2.o(.ARM.Collect$$libinit$$00000004) for __rt_lib_init_relocate_pie_1
    libinit.o(.ARM.Collect$$libinit$$00000000) refers (Special) to libinit2.o(.ARM.Collect$$libinit$$00000035) for __rt_lib_init_return
    libinit.o(.ARM.Collect$$libinit$$00000000) refers (Special) to libinit2.o(.ARM.Collect$$libinit$$0000001F) for __rt_lib_init_signal_1
    libinit.o(.ARM.Collect$$libinit$$00000000) refers (Special) to libinit2.o(.ARM.Collect$$libinit$$00000027) for __rt_lib_init_stdio_1
    libinit.o(.ARM.Collect$$libinit$$00000000) refers (Special) to libinit2.o(.ARM.Collect$$libinit$$0000000E) for __rt_lib_init_user_alloc_1
    libspace.o(.text) refers to libspace.o(.bss) for __libspace_start
    rtexit.o(.ARM.Collect$$rtexit$$00000000) refers (Special) to rtexit2.o(.ARM.Collect$$rtexit$$00000004) for __rt_exit_exit
    rtexit.o(.ARM.Collect$$rtexit$$00000000) refers (Special) to rtexit2.o(.ARM.Collect$$rtexit$$00000003) for __rt_exit_ls
    rtexit.o(.ARM.Collect$$rtexit$$00000000) refers (Special) to rtexit2.o(.ARM.Collect$$rtexit$$00000002) for __rt_exit_prels_1
    rtexit.o(.ARM.exidx) refers (Special) to rtexit2.o(.ARM.Collect$$rtexit$$00000004) for __rt_exit_exit
    rtexit.o(.ARM.exidx) refers (Special) to rtexit2.o(.ARM.Collect$$rtexit$$00000003) for __rt_exit_ls
    rtexit.o(.ARM.exidx) refers (Special) to rtexit2.o(.ARM.Collect$$rtexit$$00000002) for __rt_exit_prels_1
    rtexit.o(.ARM.exidx) refers to rtexit.o(.ARM.Collect$$rtexit$$00000000) for .ARM.Collect$$rtexit$$00000000
    libinit2.o(.ARM.Collect$$libinit$$00000012) refers to libinit2.o(.ARM.Collect$$libinit$$00000011) for .ARM.Collect$$libinit$$00000011
    libinit2.o(.ARM.Collect$$libinit$$00000014) refers to libinit2.o(.ARM.Collect$$libinit$$00000011) for .ARM.Collect$$libinit$$00000011
    libinit2.o(.ARM.Collect$$libinit$$00000016) refers to libinit2.o(.ARM.Collect$$libinit$$00000011) for .ARM.Collect$$libinit$$00000011
    libinit2.o(.ARM.Collect$$libinit$$00000018) refers to libinit2.o(.ARM.Collect$$libinit$$00000011) for .ARM.Collect$$libinit$$00000011
    libinit2.o(.ARM.Collect$$libinit$$0000001A) refers to libinit2.o(.ARM.Collect$$libinit$$00000011) for .ARM.Collect$$libinit$$00000011
    libinit2.o(.ARM.Collect$$libinit$$00000028) refers to argv_veneer.o(.emb_text) for __ARM_argv_veneer
    libinit2.o(.ARM.Collect$$libinit$$00000029) refers to argv_veneer.o(.emb_text) for __ARM_argv_veneer
    rtexit2.o(.ARM.Collect$$rtexit$$00000003) refers to libshutdown.o(.ARM.Collect$$libshutdown$$00000000) for __rt_lib_shutdown
    rtexit2.o(.ARM.Collect$$rtexit$$00000004) refers to sys_exit.o(.text) for _sys_exit
    rtexit2.o(.ARM.exidx) refers to rtexit2.o(.ARM.Collect$$rtexit$$00000001) for .ARM.Collect$$rtexit$$00000001
    rtexit2.o(.ARM.exidx) refers to rtexit2.o(.ARM.Collect$$rtexit$$00000003) for .ARM.Collect$$rtexit$$00000003
    rtexit2.o(.ARM.exidx) refers to rtexit2.o(.ARM.Collect$$rtexit$$00000004) for .ARM.Collect$$rtexit$$00000004
    argv_veneer.o(.emb_text) refers to no_argv.o(.text) for __ARM_get_argv
    sys_exit.o(.text) refers (Special) to use_no_semi.o(.text) for __I$use$semihosting
    sys_exit.o(.text) refers (Special) to indicate_semi.o(.text) for __semihosting_library_function
    sys_exit_hlt.o(.text) refers (Special) to use_no_semi.o(.text) for __I$use$semihosting
    sys_exit_hlt.o(.text) refers (Special) to indicate_semi.o(.text) for __semihosting_library_function
    _get_argv_nomalloc.o(.text) refers (Special) to hrguard.o(.text) for __heap_region$guard
    _get_argv_nomalloc.o(.text) refers to defsig_rtmem_outer.o(.text) for __rt_SIGRTMEM
    _get_argv_nomalloc.o(.text) refers to sys_command.o(.text) for _sys_command_string
    libshutdown.o(.ARM.Collect$$libshutdown$$00000000) refers (Special) to libshutdown2.o(.ARM.Collect$$libshutdown$$00000002) for __rt_lib_shutdown_cpp_1
    libshutdown.o(.ARM.Collect$$libshutdown$$00000000) refers (Special) to libshutdown2.o(.ARM.Collect$$libshutdown$$00000007) for __rt_lib_shutdown_fp_trap_1
    libshutdown.o(.ARM.Collect$$libshutdown$$00000000) refers (Special) to libshutdown2.o(.ARM.Collect$$libshutdown$$0000000F) for __rt_lib_shutdown_heap_1
    libshutdown.o(.ARM.Collect$$libshutdown$$00000000) refers (Special) to libshutdown2.o(.ARM.Collect$$libshutdown$$00000010) for __rt_lib_shutdown_return
    libshutdown.o(.ARM.Collect$$libshutdown$$00000000) refers (Special) to libshutdown2.o(.ARM.Collect$$libshutdown$$0000000A) for __rt_lib_shutdown_signal_1
    libshutdown.o(.ARM.Collect$$libshutdown$$00000000) refers (Special) to libshutdown2.o(.ARM.Collect$$libshutdown$$00000004) for __rt_lib_shutdown_stdio_1
    libshutdown.o(.ARM.Collect$$libshutdown$$00000000) refers (Special) to libshutdown2.o(.ARM.Collect$$libshutdown$$0000000C) for __rt_lib_shutdown_user_alloc_1
    sys_command.o(.text) refers (Special) to use_no_semi.o(.text) for __I$use$semihosting
    sys_command.o(.text) refers (Special) to indicate_semi.o(.text) for __semihosting_library_function
    sys_command_hlt.o(.text) refers (Special) to use_no_semi.o(.text) for __I$use$semihosting
    sys_command_hlt.o(.text) refers (Special) to indicate_semi.o(.text) for __semihosting_library_function
    defsig_rtmem_outer.o(.text) refers to defsig_rtmem_inner.o(.text) for __rt_SIGRTMEM_inner
    defsig_rtmem_outer.o(.text) refers to defsig_exit.o(.text) for __sig_exit
    defsig_rtmem_formal.o(.text) refers to rt_raise.o(.text) for __rt_raise
    rt_raise.o(.text) refers to __raise.o(.text) for __raise
    rt_raise.o(.text) refers to sys_exit.o(.text) for _sys_exit
    defsig_exit.o(.text) refers to sys_exit.o(.text) for _sys_exit
    defsig_rtmem_inner.o(.text) refers to defsig_general.o(.text) for __default_signal_display
    __raise.o(.text) refers to defsig.o(CL$$defsig) for __default_signal_handler
    defsig_general.o(.text) refers to sys_wrch.o(.text) for _ttywrch
    sys_wrch.o(.text) refers (Special) to use_no_semi.o(.text) for __I$use$semihosting
    sys_wrch.o(.text) refers (Special) to indicate_semi.o(.text) for __semihosting_library_function
    sys_wrch_hlt.o(.text) refers (Special) to use_no_semi.o(.text) for __I$use$semihosting
    sys_wrch_hlt.o(.text) refers (Special) to indicate_semi.o(.text) for __semihosting_library_function
    defsig.o(CL$$defsig) refers to defsig_rtmem_inner.o(.text) for __rt_SIGRTMEM_inner
    defsig_abrt_inner.o(.text) refers to defsig_general.o(.text) for __default_signal_display
    defsig_fpe_inner.o(.text) refers to defsig_general.o(.text) for __default_signal_display
    defsig_rtred_inner.o(.text) refers to defsig_general.o(.text) for __default_signal_display
    defsig_stak_inner.o(.text) refers to defsig_general.o(.text) for __default_signal_display
    defsig_pvfn_inner.o(.text) refers to defsig_general.o(.text) for __default_signal_display
    defsig_cppl_inner.o(.text) refers to defsig_general.o(.text) for __default_signal_display
    defsig_segv_inner.o(.text) refers to defsig_general.o(.text) for __default_signal_display
    defsig_other.o(.text) refers to defsig_general.o(.text) for __default_signal_display


==============================================================================

Removing Unused input sections from the image.

    Removing lab8.o(.text), (0 bytes).
    Removing lab8.o(.text.PortF_Init), (100 bytes).
    Removing lab8.o(.ARM.exidx.text.PortF_Init), (8 bytes).
    Removing lab8.o(.text.main1), (28 bytes).
    Removing lab8.o(.ARM.exidx.text.main1), (8 bytes).
    Removing lab8.o(.text.main2), (190 bytes).
    Removing lab8.o(.ARM.exidx.text.main2), (8 bytes).
    Removing lab8.o(.text.Convert), (34 bytes).
    Removing lab8.o(.ARM.exidx.text.Convert), (8 bytes).
    Removing lab8.o(.text.main3), (446 bytes).
    Removing lab8.o(.ARM.exidx.text.main3), (8 bytes).
    Removing lab8.o(.text.main4), (372 bytes).
    Removing lab8.o(.ARM.exidx.text.main4), (8 bytes).
    Removing lab8.o(.text.Timer3A_Init), (108 bytes).
    Removing lab8.o(.ARM.exidx.text.Timer3A_Init), (8 bytes).
    Removing lab8.o(.text.Timer3A_Stop), (26 bytes).
    Removing lab8.o(.ARM.exidx.text.Timer3A_Stop), (8 bytes).
    Removing lab8.o(.ARM.exidx.text.Timer3A_Handler), (8 bytes).
    Removing lab8.o(.ARM.exidx.text.main), (8 bytes).
    Removing lab8.o(.bss.startTime), (4 bytes).
    Removing lab8.o(.bss.stopTime), (4 bytes).
    Removing lab8.o(.bss.ADCtime), (4 bytes).
    Removing lab8.o(.rodata.str1.1), (5 bytes).
    Removing lab8.o(.bss.OutDectime), (4 bytes).
    Removing lab8.o(.bss.Position), (4 bytes).
    Removing lab8.o(.bss.Converttime), (4 bytes).
    Removing lab8.o(.bss.OutFixtime), (4 bytes).
    Removing lab8.o(.bss.Center), (4 bytes).
    Removing lab8.o(.bss.Histogram), (256 bytes).
    Removing lab8.o(.ARM.use_no_argv), (4 bytes).
    Removing texas.o(.text), (0 bytes).
    Removing texas.o(.ARM.exidx.text.Scope), (8 bytes).
    Removing texas.o(.ARM.exidx.text.LogicAnalyzerA), (8 bytes).
    Removing texas.o(.ARM.exidx.text.LogicAnalyzerB), (8 bytes).
    Removing texas.o(.ARM.exidx.text.LogicAnalyzerC), (8 bytes).
    Removing texas.o(.ARM.exidx.text.LogicAnalyzerE), (8 bytes).
    Removing texas.o(.ARM.exidx.text.LogicAnalyzerF), (8 bytes).
    Removing texas.o(.text.PeriodicTask2_Init), (184 bytes).
    Removing texas.o(.ARM.exidx.text.PeriodicTask2_Init), (8 bytes).
    Removing texas.o(.ARM.exidx.text.Timer5A_Handler), (8 bytes).
    Removing texas.o(.text.PeriodicTask2_Stop), (44 bytes).
    Removing texas.o(.ARM.exidx.text.PeriodicTask2_Stop), (8 bytes).
    Removing texas.o(.text.UART0_Init), (122 bytes).
    Removing texas.o(.ARM.exidx.text.UART0_Init), (8 bytes).
    Removing texas.o(.text.UART0_InChar), (20 bytes).
    Removing texas.o(.ARM.exidx.text.UART0_InChar), (8 bytes).
    Removing texas.o(.text.UART0_OutChar), (18 bytes).
    Removing texas.o(.ARM.exidx.text.UART0_OutChar), (8 bytes).
    Removing texas.o(.text.UART0_OutString), (34 bytes).
    Removing texas.o(.ARM.exidx.text.UART0_OutString), (8 bytes).
    Removing texas.o(.text.ADC1_Init), (170 bytes).
    Removing texas.o(.ARM.exidx.text.ADC1_Init), (8 bytes).
    Removing texas.o(.ARM.exidx.text.TExaS_Init), (8 bytes).
    Removing texas.o(.text.TExaS_Stop), (44 bytes).
    Removing texas.o(.ARM.exidx.text.TExaS_Stop), (8 bytes).
    Removing pll.o(.text), (0 bytes).
    Removing pll.o(.ARM.exidx.text.PLL_Init), (8 bytes).
    Removing st7735.o(.text), (0 bytes).
    Removing st7735.o(.text.writecommand), (22 bytes).
    Removing st7735.o(.ARM.exidx.text.writecommand), (8 bytes).
    Removing st7735.o(.text.writedata), (22 bytes).
    Removing st7735.o(.ARM.exidx.text.writedata), (8 bytes).
    Removing st7735.o(.text.Delay1ms), (38 bytes).
    Removing st7735.o(.ARM.exidx.text.Delay1ms), (8 bytes).
    Removing st7735.o(.text.ST7735_InitB), (114 bytes).
    Removing st7735.o(.ARM.exidx.text.ST7735_InitB), (8 bytes).
    Removing st7735.o(.ARM.exidx.text.commonInit), (8 bytes).
    Removing st7735.o(.ARM.exidx.text.ST7735_SetCursor), (8 bytes).
    Removing st7735.o(.text.ST7735_FillScreen), (68 bytes).
    Removing st7735.o(.ARM.exidx.text.ST7735_FillScreen), (8 bytes).
    Removing st7735.o(.ARM.exidx.text.ST7735_InitR), (8 bytes).
    Removing st7735.o(.ARM.exidx.text.commandList), (8 bytes).
    Removing st7735.o(.text.ST7735_DrawPixel), (122 bytes).
    Removing st7735.o(.ARM.exidx.text.ST7735_DrawPixel), (8 bytes).
    Removing st7735.o(.ARM.exidx.text.setAddrWindow), (8 bytes).
    Removing st7735.o(.text.ST7735_DrawFastVLine), (146 bytes).
    Removing st7735.o(.ARM.exidx.text.ST7735_DrawFastVLine), (8 bytes).
    Removing st7735.o(.text.ST7735_DrawFastHLine), (146 bytes).
    Removing st7735.o(.ARM.exidx.text.ST7735_DrawFastHLine), (8 bytes).
    Removing st7735.o(.ARM.exidx.text.ST7735_FillRect), (8 bytes).
    Removing st7735.o(.text.ST7735_DrawSmallCircle), (210 bytes).
    Removing st7735.o(.ARM.exidx.text.ST7735_DrawSmallCircle), (8 bytes).
    Removing st7735.o(.text.ST7735_DrawCircle), (210 bytes).
    Removing st7735.o(.ARM.exidx.text.ST7735_DrawCircle), (8 bytes).
    Removing st7735.o(.text.ST7735_Color565), (20 bytes).
    Removing st7735.o(.ARM.exidx.text.ST7735_Color565), (8 bytes).
    Removing st7735.o(.text.ST7735_SwapColor), (16 bytes).
    Removing st7735.o(.ARM.exidx.text.ST7735_SwapColor), (8 bytes).
    Removing st7735.o(.text.ST7735_DrawBitmap), (314 bytes).
    Removing st7735.o(.ARM.exidx.text.ST7735_DrawBitmap), (8 bytes).
    Removing st7735.o(.ARM.exidx.text.ST7735_DrawCharS), (8 bytes).
    Removing st7735.o(.text.ST7735_DrawChar), (356 bytes).
    Removing st7735.o(.ARM.exidx.text.ST7735_DrawChar), (8 bytes).
    Removing st7735.o(.text.ST7735_DrawString), (106 bytes).
    Removing st7735.o(.ARM.exidx.text.ST7735_DrawString), (8 bytes).
    Removing st7735.o(.ARM.exidx.text.ST7735_OutUDec), (8 bytes).
    Removing st7735.o(.ARM.exidx.text.ST7735_OutFix), (8 bytes).
    Removing st7735.o(.text.ST7735_SetRotation), (168 bytes).
    Removing st7735.o(.ARM.exidx.text.ST7735_SetRotation), (8 bytes).
    Removing st7735.o(.text.ST7735_InvertDisplay), (36 bytes).
    Removing st7735.o(.ARM.exidx.text.ST7735_InvertDisplay), (8 bytes).
    Removing st7735.o(.ARM.exidx.text.ST7735_PlotClear), (8 bytes).
    Removing st7735.o(.ARM.exidx.text.ST7735_PlotPoint), (8 bytes).
    Removing st7735.o(.text.ST7735_PlotLine), (942 bytes).
    Removing st7735.o(.ARM.exidx.text.ST7735_PlotLine), (8 bytes).
    Removing st7735.o(.text.ST7735_PlotPoints), (374 bytes).
    Removing st7735.o(.ARM.exidx.text.ST7735_PlotPoints), (8 bytes).
    Removing st7735.o(.text.ST7735_PlotBar), (206 bytes).
    Removing st7735.o(.ARM.exidx.text.ST7735_PlotBar), (8 bytes).
    Removing st7735.o(.text.ST7735_PlotdBfs), (170 bytes).
    Removing st7735.o(.ARM.exidx.text.ST7735_PlotdBfs), (8 bytes).
    Removing st7735.o(.text.ST7735_PlotNext), (22 bytes).
    Removing st7735.o(.ARM.exidx.text.ST7735_PlotNext), (8 bytes).
    Removing st7735.o(.ARM.exidx.text.ST7735_PlotNextErase), (8 bytes).
    Removing st7735.o(.ARM.exidx.text.ST7735_OutChar), (8 bytes).
    Removing st7735.o(.ARM.exidx.text.ST7735_OutString), (8 bytes).
    Removing st7735.o(.text.ST7735_SetTextColor), (12 bytes).
    Removing st7735.o(.ARM.exidx.text.ST7735_SetTextColor), (8 bytes).
    Removing st7735.o(.text.fputc), (12 bytes).
    Removing st7735.o(.ARM.exidx.text.fputc), (8 bytes).
    Removing st7735.o(.text.fgetc), (4 bytes).
    Removing st7735.o(.ARM.exidx.text.fgetc), (8 bytes).
    Removing st7735.o(.text.ferror), (6 bytes).
    Removing st7735.o(.ARM.exidx.text.ferror), (8 bytes).
    Removing st7735.o(.text.Output_Init), (190 bytes).
    Removing st7735.o(.ARM.exidx.text.Output_Init), (8 bytes).
    Removing st7735.o(.text.Output_Clear), (64 bytes).
    Removing st7735.o(.ARM.exidx.text.Output_Clear), (8 bytes).
    Removing st7735.o(.text.Output_Off), (64 bytes).
    Removing st7735.o(.ARM.exidx.text.Output_Off), (8 bytes).
    Removing st7735.o(.text.Output_On), (190 bytes).
    Removing st7735.o(.ARM.exidx.text.Output_On), (8 bytes).
    Removing st7735.o(.text.Output_Color), (12 bytes).
    Removing st7735.o(.ARM.exidx.text.Output_Color), (8 bytes).
    Removing st7735.o(.rodata.Bcmd), (103 bytes).
    Removing st7735.o(.rodata.smallCircle), (36 bytes).
    Removing st7735.o(.rodata.circle), (60 bytes).
    Removing st7735.o(.bss.lastj), (4 bytes).
    Removing st7735.o(.rodata.dBfs), (512 bytes).
    Removing st7735.o(.bss.Messageindex), (4 bytes).
    Removing adc.o(.text), (0 bytes).
    Removing adc.o(.ARM.exidx.text.ADC_Init), (8 bytes).
    Removing adc.o(.ARM.exidx.text.ADC_In), (8 bytes).

143 unused section(s) (total 7930 bytes) removed from the image.

==============================================================================

Image Symbol Table

    Local Symbols

    Symbol Name                              Value     Ov Type        Size  Object(Section)

    ../clib/angel/boardlib.s                 0x00000000   Number         0  boardinit1.o ABSOLUTE
    ../clib/angel/boardlib.s                 0x00000000   Number         0  boardinit2.o ABSOLUTE
    ../clib/angel/boardlib.s                 0x00000000   Number         0  boardinit3.o ABSOLUTE
    ../clib/angel/boardlib.s                 0x00000000   Number         0  boardshut.o ABSOLUTE
    ../clib/angel/handlers.s                 0x00000000   Number         0  __scatter_copy.o ABSOLUTE
    ../clib/angel/handlers.s                 0x00000000   Number         0  __scatter_zi.o ABSOLUTE
    ../clib/angel/kernel.s                   0x00000000   Number         0  __rtentry.o ABSOLUTE
    ../clib/angel/kernel.s                   0x00000000   Number         0  __rtentry2.o ABSOLUTE
    ../clib/angel/kernel.s                   0x00000000   Number         0  __rtentry4.o ABSOLUTE
    ../clib/angel/kernel.s                   0x00000000   Number         0  rtexit.o ABSOLUTE
    ../clib/angel/kernel.s                   0x00000000   Number         0  rtexit2.o ABSOLUTE
    ../clib/angel/rt.s                       0x00000000   Number         0  rt_raise.o ABSOLUTE
    ../clib/angel/scatter.s                  0x00000000   Number         0  __scatter.o ABSOLUTE
    ../clib/angel/startup.s                  0x00000000   Number         0  __main.o ABSOLUTE
    ../clib/angel/sys.s                      0x00000000   Number         0  sys_stackheap_outer.o ABSOLUTE
    ../clib/angel/sys.s                      0x00000000   Number         0  libspace.o ABSOLUTE
    ../clib/angel/sys.s                      0x00000000   Number         0  use_no_semi.o ABSOLUTE
    ../clib/angel/sys.s                      0x00000000   Number         0  indicate_semi.o ABSOLUTE
    ../clib/angel/sysapp.c                   0x00000000   Number         0  sys_exit.o ABSOLUTE
    ../clib/angel/sysapp.c                   0x00000000   Number         0  sys_exit_hlt.o ABSOLUTE
    ../clib/angel/sysapp.c                   0x00000000   Number         0  sys_command.o ABSOLUTE
    ../clib/angel/sysapp.c                   0x00000000   Number         0  sys_command_hlt.o ABSOLUTE
    ../clib/angel/sysapp.c                   0x00000000   Number         0  sys_wrch.o ABSOLUTE
    ../clib/angel/sysapp.c                   0x00000000   Number         0  sys_wrch_hlt.o ABSOLUTE
    ../clib/armsys.c                         0x00000000   Number         0  argv_veneer.o ABSOLUTE
    ../clib/armsys.c                         0x00000000   Number         0  argv_veneer.o ABSOLUTE
    ../clib/armsys.c                         0x00000000   Number         0  _get_argv_nomalloc.o ABSOLUTE
    ../clib/armsys.c                         0x00000000   Number         0  no_argv.o ABSOLUTE
    ../clib/heapalloc.c                      0x00000000   Number         0  hrguard.o ABSOLUTE
    ../clib/heapaux.c                        0x00000000   Number         0  heapauxi.o ABSOLUTE
    ../clib/libinit.s                        0x00000000   Number         0  libinit.o ABSOLUTE
    ../clib/libinit.s                        0x00000000   Number         0  libinit2.o ABSOLUTE
    ../clib/libinit.s                        0x00000000   Number         0  libshutdown.o ABSOLUTE
    ../clib/libinit.s                        0x00000000   Number         0  libshutdown2.o ABSOLUTE
    ../clib/memcpset.s                       0x00000000   Number         0  rt_memclr_w.o ABSOLUTE
    ../clib/signal.c                         0x00000000   Number         0  defsig_rtmem_outer.o ABSOLUTE
    ../clib/signal.c                         0x00000000   Number         0  defsig_rtmem_formal.o ABSOLUTE
    ../clib/signal.c                         0x00000000   Number         0  defsig_exit.o ABSOLUTE
    ../clib/signal.c                         0x00000000   Number         0  defsig_rtmem_inner.o ABSOLUTE
    ../clib/signal.c                         0x00000000   Number         0  __raise.o ABSOLUTE
    ../clib/signal.c                         0x00000000   Number         0  defsig_general.o ABSOLUTE
    ../clib/signal.c                         0x00000000   Number         0  defsig_abrt_inner.o ABSOLUTE
    ../clib/signal.c                         0x00000000   Number         0  defsig_fpe_inner.o ABSOLUTE
    ../clib/signal.c                         0x00000000   Number         0  defsig_rtred_inner.o ABSOLUTE
    ../clib/signal.c                         0x00000000   Number         0  defsig_stak_inner.o ABSOLUTE
    ../clib/signal.c                         0x00000000   Number         0  defsig_pvfn_inner.o ABSOLUTE
    ../clib/signal.c                         0x00000000   Number         0  defsig_cppl_inner.o ABSOLUTE
    ../clib/signal.c                         0x00000000   Number         0  defsig_segv_inner.o ABSOLUTE
    ../clib/signal.c                         0x00000000   Number         0  defsig_other.o ABSOLUTE
    ../clib/signal.s                         0x00000000   Number         0  defsig.o ABSOLUTE
    ../clib/stdlib.c                         0x00000000   Number         0  exit.o ABSOLUTE
    ../fplib/ffix.s                          0x00000000   Number         0  ffix.o ABSOLUTE
    ../fplib/fflt.s                          0x00000000   Number         0  fflt_clz.o ABSOLUTE
    ../fplib/fmul.s                          0x00000000   Number         0  fmul.o ABSOLUTE
    ../fplib/fnaninf.s                       0x00000000   Number         0  fnaninf.o ABSOLUTE
    ../fplib/fpinit.s                        0x00000000   Number         0  fpinit.o ABSOLUTE
    ../fplib/fpinit_empty.s                  0x00000000   Number         0  fpinit_empty.o ABSOLUTE
    ../fplib/fretinf.s                       0x00000000   Number         0  fretinf.o ABSOLUTE
    ../fplib/usenofp.s                       0x00000000   Number         0  usenofp.o ABSOLUTE
    ..\inc\BusyWait.s                        0x00000000   Number         0  busywait.o ABSOLUTE
    ..\inc\StringConversion.s                0x00000000   Number         0  stringconversion.o ABSOLUTE
    ADC.c                                    0x00000000   Number         0  adc.o ABSOLUTE
    Lab8.c                                   0x00000000   Number         0  lab8.o ABSOLUTE
    PLL.c                                    0x00000000   Number         0  pll.o ABSOLUTE
    ST7735.c                                 0x00000000   Number         0  st7735.o ABSOLUTE
    TExaS.c                                  0x00000000   Number         0  texas.o ABSOLUTE
    dc.s                                     0x00000000   Number         0  dc.o ABSOLUTE
    startup.s                                0x00000000   Number         0  startup.o ABSOLUTE
    RESET                                    0x00000000   Section      644  startup.o(RESET)
    !!!main                                  0x00000284   Section        8  __main.o(!!!main)
    !!!scatter                               0x0000028c   Section       52  __scatter.o(!!!scatter)
    !!handler_copy                           0x000002c0   Section       26  __scatter_copy.o(!!handler_copy)
    !!handler_zi                             0x000002dc   Section       28  __scatter_zi.o(!!handler_zi)
    .ARM.Collect$$libinit$$00000000          0x000002f8   Section        2  libinit.o(.ARM.Collect$$libinit$$00000000)
    .ARM.Collect$$libinit$$00000002          0x000002fa   Section        0  libinit2.o(.ARM.Collect$$libinit$$00000002)
    .ARM.Collect$$libinit$$00000004          0x000002fa   Section        0  libinit2.o(.ARM.Collect$$libinit$$00000004)
    .ARM.Collect$$libinit$$00000006          0x000002fa   Section        0  libinit2.o(.ARM.Collect$$libinit$$00000006)
    .ARM.Collect$$libinit$$0000000C          0x000002fa   Section        0  libinit2.o(.ARM.Collect$$libinit$$0000000C)
    .ARM.Collect$$libinit$$0000000E          0x000002fa   Section        0  libinit2.o(.ARM.Collect$$libinit$$0000000E)
    .ARM.Collect$$libinit$$00000010          0x000002fa   Section        0  libinit2.o(.ARM.Collect$$libinit$$00000010)
    .ARM.Collect$$libinit$$00000013          0x000002fa   Section        0  libinit2.o(.ARM.Collect$$libinit$$00000013)
    .ARM.Collect$$libinit$$00000015          0x000002fa   Section        0  libinit2.o(.ARM.Collect$$libinit$$00000015)
    .ARM.Collect$$libinit$$00000017          0x000002fa   Section        0  libinit2.o(.ARM.Collect$$libinit$$00000017)
    .ARM.Collect$$libinit$$00000019          0x000002fa   Section        0  libinit2.o(.ARM.Collect$$libinit$$00000019)
    .ARM.Collect$$libinit$$0000001B          0x000002fa   Section        0  libinit2.o(.ARM.Collect$$libinit$$0000001B)
    .ARM.Collect$$libinit$$0000001D          0x000002fa   Section        0  libinit2.o(.ARM.Collect$$libinit$$0000001D)
    .ARM.Collect$$libinit$$0000001F          0x000002fa   Section        0  libinit2.o(.ARM.Collect$$libinit$$0000001F)
    .ARM.Collect$$libinit$$00000021          0x000002fa   Section        0  libinit2.o(.ARM.Collect$$libinit$$00000021)
    .ARM.Collect$$libinit$$00000023          0x000002fa   Section        0  libinit2.o(.ARM.Collect$$libinit$$00000023)
    .ARM.Collect$$libinit$$00000025          0x000002fa   Section        0  libinit2.o(.ARM.Collect$$libinit$$00000025)
    .ARM.Collect$$libinit$$00000027          0x000002fa   Section        0  libinit2.o(.ARM.Collect$$libinit$$00000027)
    .ARM.Collect$$libinit$$0000002E          0x000002fa   Section        0  libinit2.o(.ARM.Collect$$libinit$$0000002E)
    .ARM.Collect$$libinit$$00000030          0x000002fa   Section        0  libinit2.o(.ARM.Collect$$libinit$$00000030)
    .ARM.Collect$$libinit$$00000032          0x000002fa   Section        0  libinit2.o(.ARM.Collect$$libinit$$00000032)
    .ARM.Collect$$libinit$$00000034          0x000002fa   Section        0  libinit2.o(.ARM.Collect$$libinit$$00000034)
    .ARM.Collect$$libinit$$00000035          0x000002fa   Section        2  libinit2.o(.ARM.Collect$$libinit$$00000035)
    .ARM.Collect$$libshutdown$$00000000      0x000002fc   Section        2  libshutdown.o(.ARM.Collect$$libshutdown$$00000000)
    .ARM.Collect$$libshutdown$$00000002      0x000002fe   Section        0  libshutdown2.o(.ARM.Collect$$libshutdown$$00000002)
    .ARM.Collect$$libshutdown$$00000004      0x000002fe   Section        0  libshutdown2.o(.ARM.Collect$$libshutdown$$00000004)
    .ARM.Collect$$libshutdown$$00000007      0x000002fe   Section        0  libshutdown2.o(.ARM.Collect$$libshutdown$$00000007)
    .ARM.Collect$$libshutdown$$0000000A      0x000002fe   Section        0  libshutdown2.o(.ARM.Collect$$libshutdown$$0000000A)
    .ARM.Collect$$libshutdown$$0000000C      0x000002fe   Section        0  libshutdown2.o(.ARM.Collect$$libshutdown$$0000000C)
    .ARM.Collect$$libshutdown$$0000000F      0x000002fe   Section        0  libshutdown2.o(.ARM.Collect$$libshutdown$$0000000F)
    .ARM.Collect$$libshutdown$$00000010      0x000002fe   Section        2  libshutdown2.o(.ARM.Collect$$libshutdown$$00000010)
    .ARM.Collect$$rtentry$$00000000          0x00000300   Section        0  __rtentry.o(.ARM.Collect$$rtentry$$00000000)
    .ARM.Collect$$rtentry$$00000002          0x00000300   Section        0  __rtentry2.o(.ARM.Collect$$rtentry$$00000002)
    .ARM.Collect$$rtentry$$00000004          0x00000300   Section        6  __rtentry4.o(.ARM.Collect$$rtentry$$00000004)
    .ARM.Collect$$rtentry$$00000009          0x00000306   Section        0  __rtentry2.o(.ARM.Collect$$rtentry$$00000009)
    .ARM.Collect$$rtentry$$0000000A          0x00000306   Section        4  __rtentry2.o(.ARM.Collect$$rtentry$$0000000A)
    .ARM.Collect$$rtentry$$0000000C          0x0000030a   Section        0  __rtentry2.o(.ARM.Collect$$rtentry$$0000000C)
    .ARM.Collect$$rtentry$$0000000D          0x0000030a   Section        8  __rtentry2.o(.ARM.Collect$$rtentry$$0000000D)
    .ARM.Collect$$rtexit$$00000000           0x00000312   Section        2  rtexit.o(.ARM.Collect$$rtexit$$00000000)
    .ARM.Collect$$rtexit$$00000002           0x00000314   Section        0  rtexit2.o(.ARM.Collect$$rtexit$$00000002)
    .ARM.Collect$$rtexit$$00000003           0x00000314   Section        4  rtexit2.o(.ARM.Collect$$rtexit$$00000003)
    .ARM.Collect$$rtexit$$00000004           0x00000318   Section        6  rtexit2.o(.ARM.Collect$$rtexit$$00000004)
    .text                                    0x00000320   Section       48  startup.o(.text)
    .text                                    0x00000350   Section       56  busywait.o(.text)
    .text                                    0x00000388   Section      328  stringconversion.o(.text)
    .text                                    0x000004d0   Section        0  heapauxi.o(.text)
    .text                                    0x000004d6   Section       74  sys_stackheap_outer.o(.text)
    .text                                    0x00000520   Section        0  exit.o(.text)
    .text                                    0x00000534   Section        8  libspace.o(.text)
    .text                                    0x0000053c   Section        0  sys_exit.o(.text)
    .text                                    0x00000548   Section        2  use_no_semi.o(.text)
    .text                                    0x0000054a   Section        0  indicate_semi.o(.text)
    [Anonymous Symbol]                       0x0000054c   Section        0  adc.o(.text.ADC_In)
    [Anonymous Symbol]                       0x0000056c   Section        0  adc.o(.text.ADC_Init)
    [Anonymous Symbol]                       0x00000634   Section        0  texas.o(.text.LogicAnalyzerA)
    [Anonymous Symbol]                       0x00000650   Section        0  texas.o(.text.LogicAnalyzerB)
    [Anonymous Symbol]                       0x0000066c   Section        0  texas.o(.text.LogicAnalyzerC)
    [Anonymous Symbol]                       0x00000688   Section        0  texas.o(.text.LogicAnalyzerE)
    [Anonymous Symbol]                       0x000006a4   Section        0  texas.o(.text.LogicAnalyzerF)
    [Anonymous Symbol]                       0x000006c0   Section        0  pll.o(.text.PLL_Init)
    [Anonymous Symbol]                       0x0000072c   Section        0  st7735.o(.text.ST7735_DrawCharS)
    [Anonymous Symbol]                       0x0000092c   Section        0  st7735.o(.text.ST7735_FillRect)
    [Anonymous Symbol]                       0x000009ec   Section        0  st7735.o(.text.ST7735_InitR)
    [Anonymous Symbol]                       0x00000ad4   Section        0  st7735.o(.text.ST7735_OutChar)
    [Anonymous Symbol]                       0x00000bf4   Section        0  st7735.o(.text.ST7735_OutFix)
    [Anonymous Symbol]                       0x00000ccc   Section        0  st7735.o(.text.ST7735_OutString)
    [Anonymous Symbol]                       0x00000ce8   Section        0  st7735.o(.text.ST7735_OutUDec)
    [Anonymous Symbol]                       0x00000dc0   Section        0  st7735.o(.text.ST7735_PlotClear)
    [Anonymous Symbol]                       0x00000e18   Section        0  st7735.o(.text.ST7735_PlotNextErase)
    [Anonymous Symbol]                       0x00000ea0   Section        0  st7735.o(.text.ST7735_PlotPoint)
    [Anonymous Symbol]                       0x000010a8   Section        0  st7735.o(.text.ST7735_SetCursor)
    [Anonymous Symbol]                       0x000010c8   Section        0  texas.o(.text.Scope)
    [Anonymous Symbol]                       0x000010e0   Section        0  texas.o(.text.TExaS_Init)
    [Anonymous Symbol]                       0x00001524   Section        0  lab8.o(.text.Timer3A_Handler)
    [Anonymous Symbol]                       0x00001578   Section        0  texas.o(.text.Timer5A_Handler)
    commandList                              0x00001591   Thumb Code   156  st7735.o(.text.commandList)
    [Anonymous Symbol]                       0x00001590   Section        0  st7735.o(.text.commandList)
    commonInit                               0x0000162d   Thumb Code   428  st7735.o(.text.commonInit)
    [Anonymous Symbol]                       0x0000162c   Section        0  st7735.o(.text.commonInit)
    [Anonymous Symbol]                       0x000017d8   Section        0  lab8.o(.text.main)
    setAddrWindow                            0x0000194d   Thumb Code   214  st7735.o(.text.setAddrWindow)
    [Anonymous Symbol]                       0x0000194c   Section        0  st7735.o(.text.setAddrWindow)
    x$fpl$ffix                               0x00001a24   Section       54  ffix.o(x$fpl$ffix)
    x$fpl$ffltu                              0x00001a5c   Section       38  fflt_clz.o(x$fpl$ffltu)
    x$fpl$fmul                               0x00001a84   Section      258  fmul.o(x$fpl$fmul)
    x$fpl$fnaninf                            0x00001b86   Section      140  fnaninf.o(x$fpl$fnaninf)
    x$fpl$fretinf                            0x00001c12   Section       10  fretinf.o(x$fpl$fretinf)
    Font                                     0x00001c1c   Data        1275  st7735.o(.rodata.Font)
    [Anonymous Symbol]                       0x00001c1c   Section        0  st7735.o(.rodata.Font)
    x$fpl$usenofp                            0x00001c1c   Section        0  usenofp.o(x$fpl$usenofp)
    Rcmd1                                    0x00002117   Data          59  st7735.o(.rodata.Rcmd1)
    [Anonymous Symbol]                       0x00002117   Section        0  st7735.o(.rodata.Rcmd1)
    Rcmd2green                               0x00002152   Data          13  st7735.o(.rodata.Rcmd2green)
    [Anonymous Symbol]                       0x00002152   Section        0  st7735.o(.rodata.Rcmd2green)
    Rcmd2red                                 0x0000215f   Data          13  st7735.o(.rodata.Rcmd2red)
    [Anonymous Symbol]                       0x0000215f   Section        0  st7735.o(.rodata.Rcmd2red)
    Rcmd3                                    0x0000216c   Data          43  st7735.o(.rodata.Rcmd3)
    [Anonymous Symbol]                       0x0000216c   Section        0  st7735.o(.rodata.Rcmd3)
    .bss                                     0x20000008   Section       96  libspace.o(.bss)
    ColStart                                 0x2000006c   Data           1  st7735.o(.bss.ColStart)
    [Anonymous Symbol]                       0x2000006c   Section        0  st7735.o(.bss.ColStart)
    RowStart                                 0x20000084   Data           1  st7735.o(.bss.RowStart)
    [Anonymous Symbol]                       0x20000084   Section        0  st7735.o(.bss.RowStart)
    TabColor                                 0x20000090   Data           1  st7735.o(.bss.TabColor)
    [Anonymous Symbol]                       0x20000090   Section        0  st7735.o(.bss.TabColor)
    _height                                  0x200000a4   Data           1  st7735.o(.bss._height)
    [Anonymous Symbol]                       0x200000a4   Section        0  st7735.o(.bss._height)
    _width                                   0x200000a6   Data           1  st7735.o(.bss._width)
    [Anonymous Symbol]                       0x200000a6   Section        0  st7735.o(.bss._width)
    HeapMem                                  0x200000b0   Data           0  startup.o(HEAP)
    StackMem                                 0x200000b0   Data           0  startup.o(STACK)
    HEAP                                     0x200000b0   Section        0  startup.o(HEAP)
    STACK                                    0x200000b0   Section     1024  startup.o(STACK)

    Global Symbols

    Symbol Name                              Value     Ov Type        Size  Object(Section)

    BuildAttributes$$THM_ISAv4$E$P$D$K$B$S$7EM$PE$A:L22UL41UL21$X:L11$S22US41US21$IEEE1$IW$~IW$USESV6$~STKCKD$USESV7$~SHL$OTIME$ROPI$EBA8$UX$STANDARDLIB$REQ8$PRES8$EABIv2 0x00000000   Number         0  anon$$obj.o ABSOLUTE
    __Vectors                                0x00000000   Data           0  startup.o(RESET)
    __fp_init_empty                          0x00000000   Number         0  fpinit_empty.o ABSOLUTE
    __ARM_exceptions_init                     - Undefined Weak Reference
    __alloca_initialize                       - Undefined Weak Reference
    __arm_preinit_                            - Undefined Weak Reference
    __arm_relocate_pie_                       - Undefined Weak Reference
    __cpp_initialize__aeabi_                  - Undefined Weak Reference
    __cxa_finalize                            - Undefined Weak Reference
    __rt_locale                               - Undefined Weak Reference
    __sigvec_lookup                           - Undefined Weak Reference
    _atexit_init                              - Undefined Weak Reference
    _call_atexit_fns                          - Undefined Weak Reference
    _clock_init                               - Undefined Weak Reference
    _fp_trap_init                             - Undefined Weak Reference
    _fp_trap_shutdown                         - Undefined Weak Reference
    _get_lc_collate                           - Undefined Weak Reference
    _get_lc_ctype                             - Undefined Weak Reference
    _get_lc_monetary                          - Undefined Weak Reference
    _get_lc_numeric                           - Undefined Weak Reference
    _get_lc_time                              - Undefined Weak Reference
    _getenv_init                              - Undefined Weak Reference
    _handle_redirection                       - Undefined Weak Reference
    _init_alloc                               - Undefined Weak Reference
    _init_user_alloc                          - Undefined Weak Reference
    _initio                                   - Undefined Weak Reference
    _rand_init                                - Undefined Weak Reference
    _signal_finish                            - Undefined Weak Reference
    _signal_init                              - Undefined Weak Reference
    _terminate_alloc                          - Undefined Weak Reference
    _terminate_user_alloc                     - Undefined Weak Reference
    _terminateio                              - Undefined Weak Reference
    Reset_Handler                            0x0000026d   Thumb Code     0  startup.o(RESET)
    NMI_Handler                              0x00000271   Thumb Code     2  startup.o(RESET)
    HardFault_Handler                        0x00000273   Thumb Code     2  startup.o(RESET)
    MemManage_Handler                        0x00000275   Thumb Code     2  startup.o(RESET)
    BusFault_Handler                         0x00000277   Thumb Code     2  startup.o(RESET)
    UsageFault_Handler                       0x00000279   Thumb Code     2  startup.o(RESET)
    SVC_Handler                              0x0000027b   Thumb Code     2  startup.o(RESET)
    DebugMon_Handler                         0x0000027d   Thumb Code     2  startup.o(RESET)
    PendSV_Handler                           0x0000027f   Thumb Code     2  startup.o(RESET)
    SysTick_Handler                          0x00000281   Thumb Code     2  startup.o(RESET)
    ADC0Seq0_Handler                         0x00000283   Thumb Code     0  startup.o(RESET)
    ADC0Seq1_Handler                         0x00000283   Thumb Code     0  startup.o(RESET)
    ADC0Seq2_Handler                         0x00000283   Thumb Code     0  startup.o(RESET)
    ADC0Seq3_Handler                         0x00000283   Thumb Code     0  startup.o(RESET)
    ADC1Seq0_Handler                         0x00000283   Thumb Code     0  startup.o(RESET)
    ADC1Seq1_Handler                         0x00000283   Thumb Code     0  startup.o(RESET)
    ADC1Seq2_Handler                         0x00000283   Thumb Code     0  startup.o(RESET)
    ADC1Seq3_Handler                         0x00000283   Thumb Code     0  startup.o(RESET)
    CAN0_Handler                             0x00000283   Thumb Code     0  startup.o(RESET)
    CAN1_Handler                             0x00000283   Thumb Code     0  startup.o(RESET)
    CAN2_Handler                             0x00000283   Thumb Code     0  startup.o(RESET)
    Comp0_Handler                            0x00000283   Thumb Code     0  startup.o(RESET)
    Comp1_Handler                            0x00000283   Thumb Code     0  startup.o(RESET)
    Comp2_Handler                            0x00000283   Thumb Code     0  startup.o(RESET)
    Ethernet_Handler                         0x00000283   Thumb Code     0  startup.o(RESET)
    ExtBus_Handler                           0x00000283   Thumb Code     0  startup.o(RESET)
    FPU_Handler                              0x00000283   Thumb Code     0  startup.o(RESET)
    Fan0_Handler                             0x00000283   Thumb Code     0  startup.o(RESET)
    FlashCtl_Handler                         0x00000283   Thumb Code     0  startup.o(RESET)
    GPIOPortA_Handler                        0x00000283   Thumb Code     0  startup.o(RESET)
    GPIOPortB_Handler                        0x00000283   Thumb Code     0  startup.o(RESET)
    GPIOPortC_Handler                        0x00000283   Thumb Code     0  startup.o(RESET)
    GPIOPortD_Handler                        0x00000283   Thumb Code     0  startup.o(RESET)
    GPIOPortE_Handler                        0x00000283   Thumb Code     0  startup.o(RESET)
    GPIOPortF_Handler                        0x00000283   Thumb Code     0  startup.o(RESET)
    GPIOPortG_Handler                        0x00000283   Thumb Code     0  startup.o(RESET)
    GPIOPortH_Handler                        0x00000283   Thumb Code     0  startup.o(RESET)
    GPIOPortJ_Handler                        0x00000283   Thumb Code     0  startup.o(RESET)
    GPIOPortK_Handler                        0x00000283   Thumb Code     0  startup.o(RESET)
    GPIOPortL_Handler                        0x00000283   Thumb Code     0  startup.o(RESET)
    GPIOPortM_Handler                        0x00000283   Thumb Code     0  startup.o(RESET)
    GPIOPortN_Handler                        0x00000283   Thumb Code     0  startup.o(RESET)
    GPIOPortP1_Handler                       0x00000283   Thumb Code     0  startup.o(RESET)
    GPIOPortP2_Handler                       0x00000283   Thumb Code     0  startup.o(RESET)
    GPIOPortP3_Handler                       0x00000283   Thumb Code     0  startup.o(RESET)
    GPIOPortP4_Handler                       0x00000283   Thumb Code     0  startup.o(RESET)
    GPIOPortP5_Handler                       0x00000283   Thumb Code     0  startup.o(RESET)
    GPIOPortP6_Handler                       0x00000283   Thumb Code     0  startup.o(RESET)
    GPIOPortP7_Handler                       0x00000283   Thumb Code     0  startup.o(RESET)
    GPIOPortP_Handler                        0x00000283   Thumb Code     0  startup.o(RESET)
    GPIOPortQ1_Handler                       0x00000283   Thumb Code     0  startup.o(RESET)
    GPIOPortQ2_Handler                       0x00000283   Thumb Code     0  startup.o(RESET)
    GPIOPortQ3_Handler                       0x00000283   Thumb Code     0  startup.o(RESET)
    GPIOPortQ4_Handler                       0x00000283   Thumb Code     0  startup.o(RESET)
    GPIOPortQ5_Handler                       0x00000283   Thumb Code     0  startup.o(RESET)
    GPIOPortQ6_Handler                       0x00000283   Thumb Code     0  startup.o(RESET)
    GPIOPortQ7_Handler                       0x00000283   Thumb Code     0  startup.o(RESET)
    GPIOPortQ_Handler                        0x00000283   Thumb Code     0  startup.o(RESET)
    GPIOPortR_Handler                        0x00000283   Thumb Code     0  startup.o(RESET)
    GPIOPortS_Handler                        0x00000283   Thumb Code     0  startup.o(RESET)
    Hibernate_Handler                        0x00000283   Thumb Code     0  startup.o(RESET)
    I2C0_Handler                             0x00000283   Thumb Code     0  startup.o(RESET)
    I2C1_Handler                             0x00000283   Thumb Code     0  startup.o(RESET)
    I2C2_Handler                             0x00000283   Thumb Code     0  startup.o(RESET)
    I2C3_Handler                             0x00000283   Thumb Code     0  startup.o(RESET)
    I2C4_Handler                             0x00000283   Thumb Code     0  startup.o(RESET)
    I2C5_Handler                             0x00000283   Thumb Code     0  startup.o(RESET)
    I2S0_Handler                             0x00000283   Thumb Code     0  startup.o(RESET)
    LPC0_Handler                             0x00000283   Thumb Code     0  startup.o(RESET)
    PECI0_Handler                            0x00000283   Thumb Code     0  startup.o(RESET)
    PWM0Fault_Handler                        0x00000283   Thumb Code     0  startup.o(RESET)
    PWM0Generator0_Handler                   0x00000283   Thumb Code     0  startup.o(RESET)
    PWM0Generator1_Handler                   0x00000283   Thumb Code     0  startup.o(RESET)
    PWM0Generator2_Handler                   0x00000283   Thumb Code     0  startup.o(RESET)
    PWM0Generator3_Handler                   0x00000283   Thumb Code     0  startup.o(RESET)
    PWM1Fault_Handler                        0x00000283   Thumb Code     0  startup.o(RESET)
    PWM1Generator0_Handler                   0x00000283   Thumb Code     0  startup.o(RESET)
    PWM1Generator1_Handler                   0x00000283   Thumb Code     0  startup.o(RESET)
    PWM1Generator2_Handler                   0x00000283   Thumb Code     0  startup.o(RESET)
    PWM1Generator3_Handler                   0x00000283   Thumb Code     0  startup.o(RESET)
    Quadrature0_Handler                      0x00000283   Thumb Code     0  startup.o(RESET)
    Quadrature1_Handler                      0x00000283   Thumb Code     0  startup.o(RESET)
    Quadrature2_Handler                      0x00000283   Thumb Code     0  startup.o(RESET)
    SSI0_Handler                             0x00000283   Thumb Code     0  startup.o(RESET)
    SSI1_Handler                             0x00000283   Thumb Code     0  startup.o(RESET)
    SSI2_Handler                             0x00000283   Thumb Code     0  startup.o(RESET)
    SSI3_Handler                             0x00000283   Thumb Code     0  startup.o(RESET)
    SysCtl_Handler                           0x00000283   Thumb Code     0  startup.o(RESET)
    Timer0A_Handler                          0x00000283   Thumb Code     0  startup.o(RESET)
    Timer0B_Handler                          0x00000283   Thumb Code     0  startup.o(RESET)
    Timer1A_Handler                          0x00000283   Thumb Code     0  startup.o(RESET)
    Timer1B_Handler                          0x00000283   Thumb Code     0  startup.o(RESET)
    Timer2A_Handler                          0x00000283   Thumb Code     0  startup.o(RESET)
    Timer2B_Handler                          0x00000283   Thumb Code     0  startup.o(RESET)
    Timer3B_Handler                          0x00000283   Thumb Code     0  startup.o(RESET)
    Timer4A_Handler                          0x00000283   Thumb Code     0  startup.o(RESET)
    Timer4B_Handler                          0x00000283   Thumb Code     0  startup.o(RESET)
    Timer5B_Handler                          0x00000283   Thumb Code     0  startup.o(RESET)
    UART0_Handler                            0x00000283   Thumb Code     0  startup.o(RESET)
    UART1_Handler                            0x00000283   Thumb Code     0  startup.o(RESET)
    UART2_Handler                            0x00000283   Thumb Code     0  startup.o(RESET)
    UART3_Handler                            0x00000283   Thumb Code     0  startup.o(RESET)
    UART4_Handler                            0x00000283   Thumb Code     0  startup.o(RESET)
    UART5_Handler                            0x00000283   Thumb Code     0  startup.o(RESET)
    UART6_Handler                            0x00000283   Thumb Code     0  startup.o(RESET)
    UART7_Handler                            0x00000283   Thumb Code     0  startup.o(RESET)
    USB0_Handler                             0x00000283   Thumb Code     0  startup.o(RESET)
    WDT_Handler                              0x00000283   Thumb Code     0  startup.o(RESET)
    WideTimer0A_Handler                      0x00000283   Thumb Code     0  startup.o(RESET)
    WideTimer0B_Handler                      0x00000283   Thumb Code     0  startup.o(RESET)
    WideTimer1A_Handler                      0x00000283   Thumb Code     0  startup.o(RESET)
    WideTimer1B_Handler                      0x00000283   Thumb Code     0  startup.o(RESET)
    WideTimer2A_Handler                      0x00000283   Thumb Code     0  startup.o(RESET)
    WideTimer2B_Handler                      0x00000283   Thumb Code     0  startup.o(RESET)
    WideTimer3A_Handler                      0x00000283   Thumb Code     0  startup.o(RESET)
    WideTimer3B_Handler                      0x00000283   Thumb Code     0  startup.o(RESET)
    WideTimer4A_Handler                      0x00000283   Thumb Code     0  startup.o(RESET)
    WideTimer4B_Handler                      0x00000283   Thumb Code     0  startup.o(RESET)
    WideTimer5A_Handler                      0x00000283   Thumb Code     0  startup.o(RESET)
    WideTimer5B_Handler                      0x00000283   Thumb Code     0  startup.o(RESET)
    uDMA_Error                               0x00000283   Thumb Code     0  startup.o(RESET)
    uDMA_Handler                             0x00000283   Thumb Code     0  startup.o(RESET)
    __main                                   0x00000285   Thumb Code     8  __main.o(!!!main)
    __scatterload                            0x0000028d   Thumb Code     0  __scatter.o(!!!scatter)
    __scatterload_rt2                        0x0000028d   Thumb Code    44  __scatter.o(!!!scatter)
    __scatterload_rt2_thumb_only             0x0000028d   Thumb Code     0  __scatter.o(!!!scatter)
    __scatterload_null                       0x0000029b   Thumb Code     0  __scatter.o(!!!scatter)
    __scatterload_copy                       0x000002c1   Thumb Code    26  __scatter_copy.o(!!handler_copy)
    __scatterload_zeroinit                   0x000002dd   Thumb Code    28  __scatter_zi.o(!!handler_zi)
    __rt_lib_init                            0x000002f9   Thumb Code     0  libinit.o(.ARM.Collect$$libinit$$00000000)
    __rt_lib_init_alloca_1                   0x000002fb   Thumb Code     0  libinit2.o(.ARM.Collect$$libinit$$00000030)
    __rt_lib_init_argv_1                     0x000002fb   Thumb Code     0  libinit2.o(.ARM.Collect$$libinit$$0000002E)
    __rt_lib_init_atexit_1                   0x000002fb   Thumb Code     0  libinit2.o(.ARM.Collect$$libinit$$0000001D)
    __rt_lib_init_clock_1                    0x000002fb   Thumb Code     0  libinit2.o(.ARM.Collect$$libinit$$00000023)
    __rt_lib_init_cpp_1                      0x000002fb   Thumb Code     0  libinit2.o(.ARM.Collect$$libinit$$00000034)
    __rt_lib_init_exceptions_1               0x000002fb   Thumb Code     0  libinit2.o(.ARM.Collect$$libinit$$00000032)
    __rt_lib_init_fp_1                       0x000002fb   Thumb Code     0  libinit2.o(.ARM.Collect$$libinit$$00000002)
    __rt_lib_init_fp_trap_1                  0x000002fb   Thumb Code     0  libinit2.o(.ARM.Collect$$libinit$$00000021)
    __rt_lib_init_getenv_1                   0x000002fb   Thumb Code     0  libinit2.o(.ARM.Collect$$libinit$$00000025)
    __rt_lib_init_heap_1                     0x000002fb   Thumb Code     0  libinit2.o(.ARM.Collect$$libinit$$0000000C)
    __rt_lib_init_lc_collate_1               0x000002fb   Thumb Code     0  libinit2.o(.ARM.Collect$$libinit$$00000013)
    __rt_lib_init_lc_ctype_1                 0x000002fb   Thumb Code     0  libinit2.o(.ARM.Collect$$libinit$$00000015)
    __rt_lib_init_lc_monetary_1              0x000002fb   Thumb Code     0  libinit2.o(.ARM.Collect$$libinit$$00000017)
    __rt_lib_init_lc_numeric_1               0x000002fb   Thumb Code     0  libinit2.o(.ARM.Collect$$libinit$$00000019)
    __rt_lib_init_lc_time_1                  0x000002fb   Thumb Code     0  libinit2.o(.ARM.Collect$$libinit$$0000001B)
    __rt_lib_init_preinit_1                  0x000002fb   Thumb Code     0  libinit2.o(.ARM.Collect$$libinit$$00000006)
    __rt_lib_init_rand_1                     0x000002fb   Thumb Code     0  libinit2.o(.ARM.Collect$$libinit$$00000010)
    __rt_lib_init_relocate_pie_1             0x000002fb   Thumb Code     0  libinit2.o(.ARM.Collect$$libinit$$00000004)
    __rt_lib_init_return                     0x000002fb   Thumb Code     0  libinit2.o(.ARM.Collect$$libinit$$00000035)
    __rt_lib_init_signal_1                   0x000002fb   Thumb Code     0  libinit2.o(.ARM.Collect$$libinit$$0000001F)
    __rt_lib_init_stdio_1                    0x000002fb   Thumb Code     0  libinit2.o(.ARM.Collect$$libinit$$00000027)
    __rt_lib_init_user_alloc_1               0x000002fb   Thumb Code     0  libinit2.o(.ARM.Collect$$libinit$$0000000E)
    __rt_lib_shutdown                        0x000002fd   Thumb Code     0  libshutdown.o(.ARM.Collect$$libshutdown$$00000000)
    __rt_lib_shutdown_cpp_1                  0x000002ff   Thumb Code     0  libshutdown2.o(.ARM.Collect$$libshutdown$$00000002)
    __rt_lib_shutdown_fp_trap_1              0x000002ff   Thumb Code     0  libshutdown2.o(.ARM.Collect$$libshutdown$$00000007)
    __rt_lib_shutdown_heap_1                 0x000002ff   Thumb Code     0  libshutdown2.o(.ARM.Collect$$libshutdown$$0000000F)
    __rt_lib_shutdown_return                 0x000002ff   Thumb Code     0  libshutdown2.o(.ARM.Collect$$libshutdown$$00000010)
    __rt_lib_shutdown_signal_1               0x000002ff   Thumb Code     0  libshutdown2.o(.ARM.Collect$$libshutdown$$0000000A)
    __rt_lib_shutdown_stdio_1                0x000002ff   Thumb Code     0  libshutdown2.o(.ARM.Collect$$libshutdown$$00000004)
    __rt_lib_shutdown_user_alloc_1           0x000002ff   Thumb Code     0  libshutdown2.o(.ARM.Collect$$libshutdown$$0000000C)
    __rt_entry                               0x00000301   Thumb Code     0  __rtentry.o(.ARM.Collect$$rtentry$$00000000)
    __rt_entry_presh_1                       0x00000301   Thumb Code     0  __rtentry2.o(.ARM.Collect$$rtentry$$00000002)
    __rt_entry_sh                            0x00000301   Thumb Code     0  __rtentry4.o(.ARM.Collect$$rtentry$$00000004)
    __rt_entry_li                            0x00000307   Thumb Code     0  __rtentry2.o(.ARM.Collect$$rtentry$$0000000A)
    __rt_entry_postsh_1                      0x00000307   Thumb Code     0  __rtentry2.o(.ARM.Collect$$rtentry$$00000009)
    __rt_entry_main                          0x0000030b   Thumb Code     0  __rtentry2.o(.ARM.Collect$$rtentry$$0000000D)
    __rt_entry_postli_1                      0x0000030b   Thumb Code     0  __rtentry2.o(.ARM.Collect$$rtentry$$0000000C)
    __rt_exit                                0x00000313   Thumb Code     0  rtexit.o(.ARM.Collect$$rtexit$$00000000)
    __rt_exit_ls                             0x00000315   Thumb Code     0  rtexit2.o(.ARM.Collect$$rtexit$$00000003)
    __rt_exit_prels_1                        0x00000315   Thumb Code     0  rtexit2.o(.ARM.Collect$$rtexit$$00000002)
    __rt_exit_exit                           0x00000319   Thumb Code     0  rtexit2.o(.ARM.Collect$$rtexit$$00000004)
    DisableInterrupts                        0x00000321   Thumb Code     0  startup.o(.text)
    EnableInterrupts                         0x00000325   Thumb Code     0  startup.o(.text)
    StartCritical                            0x00000329   Thumb Code     0  startup.o(.text)
    EndCritical                              0x00000331   Thumb Code     0  startup.o(.text)
    WaitForInterrupt                         0x00000337   Thumb Code     0  startup.o(.text)
    __user_initial_stackheap                 0x0000033b   Thumb Code     0  startup.o(.text)
    SPIOutCommand                            0x00000351   Thumb Code     0  busywait.o(.text)
    SPIOutData                               0x00000371   Thumb Code     0  busywait.o(.text)
    Dec2String                               0x00000389   Thumb Code     0  stringconversion.o(.text)
    Fix2String                               0x0000042f   Thumb Code     0  stringconversion.o(.text)
    __use_two_region_memory                  0x000004d1   Thumb Code     2  heapauxi.o(.text)
    __rt_heap_escrow$2region                 0x000004d3   Thumb Code     2  heapauxi.o(.text)
    __rt_heap_expand$2region                 0x000004d5   Thumb Code     2  heapauxi.o(.text)
    __user_setup_stackheap                   0x000004d7   Thumb Code    74  sys_stackheap_outer.o(.text)
    exit                                     0x00000521   Thumb Code    18  exit.o(.text)
    __user_libspace                          0x00000535   Thumb Code     8  libspace.o(.text)
    __user_perproc_libspace                  0x00000535   Thumb Code     0  libspace.o(.text)
    __user_perthread_libspace                0x00000535   Thumb Code     0  libspace.o(.text)
    _sys_exit                                0x0000053d   Thumb Code     8  sys_exit.o(.text)
    __I$use$semihosting                      0x00000549   Thumb Code     0  use_no_semi.o(.text)
    __use_no_semihosting_swi                 0x00000549   Thumb Code     2  use_no_semi.o(.text)
    __semihosting_library_function           0x0000054b   Thumb Code     0  indicate_semi.o(.text)
    ADC_In                                   0x0000054d   Thumb Code    32  adc.o(.text.ADC_In)
    ADC_Init                                 0x0000056d   Thumb Code   200  adc.o(.text.ADC_Init)
    LogicAnalyzerA                           0x00000635   Thumb Code    28  texas.o(.text.LogicAnalyzerA)
    LogicAnalyzerB                           0x00000651   Thumb Code    26  texas.o(.text.LogicAnalyzerB)
    LogicAnalyzerC                           0x0000066d   Thumb Code    28  texas.o(.text.LogicAnalyzerC)
    LogicAnalyzerE                           0x00000689   Thumb Code    26  texas.o(.text.LogicAnalyzerE)
    LogicAnalyzerF                           0x000006a5   Thumb Code    26  texas.o(.text.LogicAnalyzerF)
    PLL_Init                                 0x000006c1   Thumb Code   106  pll.o(.text.PLL_Init)
    ST7735_DrawCharS                         0x0000072d   Thumb Code   510  st7735.o(.text.ST7735_DrawCharS)
    ST7735_FillRect                          0x0000092d   Thumb Code   190  st7735.o(.text.ST7735_FillRect)
    ST7735_InitR                             0x000009ed   Thumb Code   230  st7735.o(.text.ST7735_InitR)
    ST7735_OutChar                           0x00000ad5   Thumb Code   264  st7735.o(.text.ST7735_OutChar)
    ST7735_OutFix                            0x00000bf5   Thumb Code   216  st7735.o(.text.ST7735_OutFix)
    ST7735_OutString                         0x00000ccd   Thumb Code    28  st7735.o(.text.ST7735_OutString)
    ST7735_OutUDec                           0x00000ce9   Thumb Code   216  st7735.o(.text.ST7735_OutUDec)
    ST7735_PlotClear                         0x00000dc1   Thumb Code    88  st7735.o(.text.ST7735_PlotClear)
    ST7735_PlotNextErase                     0x00000e19   Thumb Code   134  st7735.o(.text.ST7735_PlotNextErase)
    ST7735_PlotPoint                         0x00000ea1   Thumb Code   518  st7735.o(.text.ST7735_PlotPoint)
    ST7735_SetCursor                         0x000010a9   Thumb Code    32  st7735.o(.text.ST7735_SetCursor)
    Scope                                    0x000010c9   Thumb Code    24  texas.o(.text.Scope)
    TExaS_Init                               0x000010e1   Thumb Code  1090  texas.o(.text.TExaS_Init)
    Timer3A_Handler                          0x00001525   Thumb Code    84  lab8.o(.text.Timer3A_Handler)
    Timer5A_Handler                          0x00001579   Thumb Code    24  texas.o(.text.Timer5A_Handler)
    main                                     0x000017d9   Thumb Code   356  lab8.o(.text.main)
    __aeabi_f2iz                             0x00001a25   Thumb Code     0  ffix.o(x$fpl$ffix)
    _ffix                                    0x00001a25   Thumb Code    54  ffix.o(x$fpl$ffix)
    __aeabi_ui2f                             0x00001a5d   Thumb Code     0  fflt_clz.o(x$fpl$ffltu)
    _ffltu                                   0x00001a5d   Thumb Code    38  fflt_clz.o(x$fpl$ffltu)
    __aeabi_fmul                             0x00001a85   Thumb Code     0  fmul.o(x$fpl$fmul)
    _fmul                                    0x00001a85   Thumb Code   258  fmul.o(x$fpl$fmul)
    __fpl_fnaninf                            0x00001b87   Thumb Code   140  fnaninf.o(x$fpl$fnaninf)
    __fpl_fretinf                            0x00001c13   Thumb Code    10  fretinf.o(x$fpl$fretinf)
    __I$use$fp                               0x00001c1c   Number         0  usenofp.o(x$fpl$usenofp)
    Region$$Table$$Base                      0x00002198   Number         0  anon$$obj.o(Region$$Table)
    Region$$Table$$Limit                     0x000021b8   Number         0  anon$$obj.o(Region$$Table)
    ADCstatus                                0x20000000   Data           4  lab8.o(.data.ADCstatus)
    StTextColor                              0x20000004   Data           2  st7735.o(.data.StTextColor)
    __libspace_start                         0x20000008   Data          96  libspace.o(.bss)
    ADCmail                                  0x20000068   Data           4  lab8.o(.bss.ADCmail)
    __temporary_stack_top$libspace           0x20000068   Data           0  libspace.o(.bss)
    Data                                     0x20000070   Data           4  lab8.o(.bss.Data)
    Message                                  0x20000074   Data          12  st7735.o(.bss.Message)
    PeriodicTask2                            0x20000080   Data           4  texas.o(.bss.PeriodicTask2)
    StX                                      0x20000088   Data           4  st7735.o(.bss.StX)
    StY                                      0x2000008c   Data           4  st7735.o(.bss.StY)
    X                                        0x20000094   Data           4  st7735.o(.bss.X)
    Ymax                                     0x20000098   Data           4  st7735.o(.bss.Ymax)
    Ymin                                     0x2000009c   Data           4  st7735.o(.bss.Ymin)
    Yrange                                   0x200000a0   Data           4  st7735.o(.bss.Yrange)
    debug                                    0x200000a8   Data           4  lab8.o(.bss.debug)



==============================================================================

Memory Map of the image

  Image Entry point : 0x0000026d

  Load Region LR_1 (Base: 0x00000000, Size: 0x000021c0, Max: 0xffffffff, ABSOLUTE)

    Execution Region ER_RO (Exec base: 0x00000000, Load base: 0x00000000, Size: 0x000021b8, Max: 0xffffffff, ABSOLUTE)

    Exec Addr    Load Addr    Size         Type   Attr      Idx    E Section Name        Object

    0x00000000   0x00000000   0x00000284   Code   RO            3  * RESET               startup.o
    0x00000284   0x00000284   0x00000008   Code   RO          251  * !!!main             c_w.l(__main.o)
    0x0000028c   0x0000028c   0x00000034   Code   RO          433    !!!scatter          c_w.l(__scatter.o)
    0x000002c0   0x000002c0   0x0000001a   Code   RO          435    !!handler_copy      c_w.l(__scatter_copy.o)
    0x000002da   0x000002da   0x00000002   PAD
    0x000002dc   0x000002dc   0x0000001c   Code   RO          437    !!handler_zi        c_w.l(__scatter_zi.o)
    0x000002f8   0x000002f8   0x00000002   Code   RO          295    .ARM.Collect$$libinit$$00000000  c_w.l(libinit.o)
    0x000002fa   0x000002fa   0x00000000   Code   RO          302    .ARM.Collect$$libinit$$00000002  c_w.l(libinit2.o)
    0x000002fa   0x000002fa   0x00000000   Code   RO          304    .ARM.Collect$$libinit$$00000004  c_w.l(libinit2.o)
    0x000002fa   0x000002fa   0x00000000   Code   RO          306    .ARM.Collect$$libinit$$00000006  c_w.l(libinit2.o)
    0x000002fa   0x000002fa   0x00000000   Code   RO          309    .ARM.Collect$$libinit$$0000000C  c_w.l(libinit2.o)
    0x000002fa   0x000002fa   0x00000000   Code   RO          311    .ARM.Collect$$libinit$$0000000E  c_w.l(libinit2.o)
    0x000002fa   0x000002fa   0x00000000   Code   RO          313    .ARM.Collect$$libinit$$00000010  c_w.l(libinit2.o)
    0x000002fa   0x000002fa   0x00000000   Code   RO          316    .ARM.Collect$$libinit$$00000013  c_w.l(libinit2.o)
    0x000002fa   0x000002fa   0x00000000   Code   RO          318    .ARM.Collect$$libinit$$00000015  c_w.l(libinit2.o)
    0x000002fa   0x000002fa   0x00000000   Code   RO          320    .ARM.Collect$$libinit$$00000017  c_w.l(libinit2.o)
    0x000002fa   0x000002fa   0x00000000   Code   RO          322    .ARM.Collect$$libinit$$00000019  c_w.l(libinit2.o)
    0x000002fa   0x000002fa   0x00000000   Code   RO          324    .ARM.Collect$$libinit$$0000001B  c_w.l(libinit2.o)
    0x000002fa   0x000002fa   0x00000000   Code   RO          326    .ARM.Collect$$libinit$$0000001D  c_w.l(libinit2.o)
    0x000002fa   0x000002fa   0x00000000   Code   RO          328    .ARM.Collect$$libinit$$0000001F  c_w.l(libinit2.o)
    0x000002fa   0x000002fa   0x00000000   Code   RO          330    .ARM.Collect$$libinit$$00000021  c_w.l(libinit2.o)
    0x000002fa   0x000002fa   0x00000000   Code   RO          332    .ARM.Collect$$libinit$$00000023  c_w.l(libinit2.o)
    0x000002fa   0x000002fa   0x00000000   Code   RO          334    .ARM.Collect$$libinit$$00000025  c_w.l(libinit2.o)
    0x000002fa   0x000002fa   0x00000000   Code   RO          336    .ARM.Collect$$libinit$$00000027  c_w.l(libinit2.o)
    0x000002fa   0x000002fa   0x00000000   Code   RO          340    .ARM.Collect$$libinit$$0000002E  c_w.l(libinit2.o)
    0x000002fa   0x000002fa   0x00000000   Code   RO          342    .ARM.Collect$$libinit$$00000030  c_w.l(libinit2.o)
    0x000002fa   0x000002fa   0x00000000   Code   RO          344    .ARM.Collect$$libinit$$00000032  c_w.l(libinit2.o)
    0x000002fa   0x000002fa   0x00000000   Code   RO          346    .ARM.Collect$$libinit$$00000034  c_w.l(libinit2.o)
    0x000002fa   0x000002fa   0x00000002   Code   RO          347    .ARM.Collect$$libinit$$00000035  c_w.l(libinit2.o)
    0x000002fc   0x000002fc   0x00000002   Code   RO          369    .ARM.Collect$$libshutdown$$00000000  c_w.l(libshutdown.o)
    0x000002fe   0x000002fe   0x00000000   Code   RO          384    .ARM.Collect$$libshutdown$$00000002  c_w.l(libshutdown2.o)
    0x000002fe   0x000002fe   0x00000000   Code   RO          386    .ARM.Collect$$libshutdown$$00000004  c_w.l(libshutdown2.o)
    0x000002fe   0x000002fe   0x00000000   Code   RO          389    .ARM.Collect$$libshutdown$$00000007  c_w.l(libshutdown2.o)
    0x000002fe   0x000002fe   0x00000000   Code   RO          392    .ARM.Collect$$libshutdown$$0000000A  c_w.l(libshutdown2.o)
    0x000002fe   0x000002fe   0x00000000   Code   RO          394    .ARM.Collect$$libshutdown$$0000000C  c_w.l(libshutdown2.o)
    0x000002fe   0x000002fe   0x00000000   Code   RO          397    .ARM.Collect$$libshutdown$$0000000F  c_w.l(libshutdown2.o)
    0x000002fe   0x000002fe   0x00000002   Code   RO          398    .ARM.Collect$$libshutdown$$00000010  c_w.l(libshutdown2.o)
    0x00000300   0x00000300   0x00000000   Code   RO          265    .ARM.Collect$$rtentry$$00000000  c_w.l(__rtentry.o)
    0x00000300   0x00000300   0x00000000   Code   RO          272    .ARM.Collect$$rtentry$$00000002  c_w.l(__rtentry2.o)
    0x00000300   0x00000300   0x00000006   Code   RO          284    .ARM.Collect$$rtentry$$00000004  c_w.l(__rtentry4.o)
    0x00000306   0x00000306   0x00000000   Code   RO          274    .ARM.Collect$$rtentry$$00000009  c_w.l(__rtentry2.o)
    0x00000306   0x00000306   0x00000004   Code   RO          275    .ARM.Collect$$rtentry$$0000000A  c_w.l(__rtentry2.o)
    0x0000030a   0x0000030a   0x00000000   Code   RO          277    .ARM.Collect$$rtentry$$0000000C  c_w.l(__rtentry2.o)
    0x0000030a   0x0000030a   0x00000008   Code   RO          278    .ARM.Collect$$rtentry$$0000000D  c_w.l(__rtentry2.o)
    0x00000312   0x00000312   0x00000002   Code   RO          299    .ARM.Collect$$rtexit$$00000000  c_w.l(rtexit.o)
    0x00000314   0x00000314   0x00000000   Code   RO          349    .ARM.Collect$$rtexit$$00000002  c_w.l(rtexit2.o)
    0x00000314   0x00000314   0x00000004   Code   RO          350    .ARM.Collect$$rtexit$$00000003  c_w.l(rtexit2.o)
    0x00000318   0x00000318   0x00000006   Code   RO          351    .ARM.Collect$$rtexit$$00000004  c_w.l(rtexit2.o)
    0x0000031e   0x0000031e   0x00000002   PAD
    0x00000320   0x00000320   0x00000030   Code   RO            4    .text               startup.o
    0x00000350   0x00000350   0x00000038   Code   RO          227    .text               busywait.o
    0x00000388   0x00000388   0x00000148   Code   RO          230    .text               stringconversion.o
    0x000004d0   0x000004d0   0x00000006   Code   RO          249    .text               c_w.l(heapauxi.o)
    0x000004d6   0x000004d6   0x0000004a   Code   RO          286    .text               c_w.l(sys_stackheap_outer.o)
    0x00000520   0x00000520   0x00000012   Code   RO          288    .text               c_w.l(exit.o)
    0x00000532   0x00000532   0x00000002   PAD
    0x00000534   0x00000534   0x00000008   Code   RO          296    .text               c_w.l(libspace.o)
    0x0000053c   0x0000053c   0x0000000c   Code   RO          359    .text               c_w.l(sys_exit.o)
    0x00000548   0x00000548   0x00000002   Code   RO          374    .text               c_w.l(use_no_semi.o)
    0x0000054a   0x0000054a   0x00000000   Code   RO          376    .text               c_w.l(indicate_semi.o)
    0x0000054a   0x0000054a   0x00000002   PAD
    0x0000054c   0x0000054c   0x00000020   Code   RO          236    .text.ADC_In        adc.o
    0x0000056c   0x0000056c   0x000000c8   Code   RO          234    .text.ADC_Init      adc.o
    0x00000634   0x00000634   0x0000001c   Code   RO           58    .text.LogicAnalyzerA  texas.o
    0x00000650   0x00000650   0x0000001a   Code   RO           60    .text.LogicAnalyzerB  texas.o
    0x0000066a   0x0000066a   0x00000002   PAD
    0x0000066c   0x0000066c   0x0000001c   Code   RO           62    .text.LogicAnalyzerC  texas.o
    0x00000688   0x00000688   0x0000001a   Code   RO           64    .text.LogicAnalyzerE  texas.o
    0x000006a2   0x000006a2   0x00000002   PAD
    0x000006a4   0x000006a4   0x0000001a   Code   RO           66    .text.LogicAnalyzerF  texas.o
    0x000006be   0x000006be   0x00000002   PAD
    0x000006c0   0x000006c0   0x0000006a   Code   RO           97    .text.PLL_Init      pll.o
    0x0000072a   0x0000072a   0x00000002   PAD
    0x0000072c   0x0000072c   0x000001fe   Code   RO          144    .text.ST7735_DrawCharS  st7735.o
    0x0000092a   0x0000092a   0x00000002   PAD
    0x0000092c   0x0000092c   0x000000be   Code   RO          132    .text.ST7735_FillRect  st7735.o
    0x000009ea   0x000009ea   0x00000002   PAD
    0x000009ec   0x000009ec   0x000000e6   Code   RO          120    .text.ST7735_InitR  st7735.o
    0x00000ad2   0x00000ad2   0x00000002   PAD
    0x00000ad4   0x00000ad4   0x00000120   Code   RO          174    .text.ST7735_OutChar  st7735.o
    0x00000bf4   0x00000bf4   0x000000d8   Code   RO          152    .text.ST7735_OutFix  st7735.o
    0x00000ccc   0x00000ccc   0x0000001c   Code   RO          176    .text.ST7735_OutString  st7735.o
    0x00000ce8   0x00000ce8   0x000000d8   Code   RO          150    .text.ST7735_OutUDec  st7735.o
    0x00000dc0   0x00000dc0   0x00000058   Code   RO          158    .text.ST7735_PlotClear  st7735.o
    0x00000e18   0x00000e18   0x00000086   Code   RO          172    .text.ST7735_PlotNextErase  st7735.o
    0x00000e9e   0x00000e9e   0x00000002   PAD
    0x00000ea0   0x00000ea0   0x00000206   Code   RO          160    .text.ST7735_PlotPoint  st7735.o
    0x000010a6   0x000010a6   0x00000002   PAD
    0x000010a8   0x000010a8   0x00000020   Code   RO          116    .text.ST7735_SetCursor  st7735.o
    0x000010c8   0x000010c8   0x00000018   Code   RO           56    .text.Scope         texas.o
    0x000010e0   0x000010e0   0x00000442   Code   RO           84    .text.TExaS_Init    texas.o
    0x00001522   0x00001522   0x00000002   PAD
    0x00001524   0x00001524   0x00000054   Code   RO           29    .text.Timer3A_Handler  lab8.o
    0x00001578   0x00001578   0x00000018   Code   RO           70    .text.Timer5A_Handler  texas.o
    0x00001590   0x00001590   0x0000009c   Code   RO          122    .text.commandList   st7735.o
    0x0000162c   0x0000162c   0x000001ac   Code   RO          114    .text.commonInit    st7735.o
    0x000017d8   0x000017d8   0x00000174   Code   RO           31    .text.main          lab8.o
    0x0000194c   0x0000194c   0x000000d6   Code   RO          126    .text.setAddrWindow  st7735.o
    0x00001a22   0x00001a22   0x00000002   PAD
    0x00001a24   0x00001a24   0x00000036   Code   RO          253    x$fpl$ffix          fz_ws.l(ffix.o)
    0x00001a5a   0x00001a5a   0x00000002   PAD
    0x00001a5c   0x00001a5c   0x00000026   Code   RO          257    x$fpl$ffltu         fz_ws.l(fflt_clz.o)
    0x00001a82   0x00001a82   0x00000002   PAD
    0x00001a84   0x00001a84   0x00000102   Code   RO          263    x$fpl$fmul          fz_ws.l(fmul.o)
    0x00001b86   0x00001b86   0x0000008c   Code   RO          266    x$fpl$fnaninf       fz_ws.l(fnaninf.o)
    0x00001c12   0x00001c12   0x0000000a   Code   RO          268    x$fpl$fretinf       fz_ws.l(fretinf.o)
    0x00001c1c   0x00001c1c   0x00000000   Code   RO          270    x$fpl$usenofp       fz_ws.l(usenofp.o)
    0x00001c1c   0x00001c1c   0x000004fb   Data   RO          211    .rodata.Font        st7735.o
    0x00002117   0x00002117   0x0000003b   Data   RO          200    .rodata.Rcmd1       st7735.o
    0x00002152   0x00002152   0x0000000d   Data   RO          201    .rodata.Rcmd2green  st7735.o
    0x0000215f   0x0000215f   0x0000000d   Data   RO          204    .rodata.Rcmd2red    st7735.o
    0x0000216c   0x0000216c   0x0000002b   Data   RO          205    .rodata.Rcmd3       st7735.o
    0x00002197   0x00002197   0x00000001   PAD
    0x00002198   0x00002198   0x00000020   Data   RO          432    Region$$Table       anon$$obj.o


    Execution Region ER_RW (Exec base: 0x20000000, Load base: 0x000021b8, Size: 0x00000008, Max: 0xffffffff, ABSOLUTE)

    Exec Addr    Load Addr    Size         Type   Attr      Idx    E Section Name        Object

    0x20000000   0x000021b8   0x00000004   Data   RW           33    .data.ADCstatus     lab8.o
    0x20000004   0x000021bc   0x00000002   Data   RW          198    .data.StTextColor   st7735.o


    Execution Region ER_ZI (Exec base: 0x20000008, Load base: 0x000021c0, Size: 0x000004a8, Max: 0xffffffff, ABSOLUTE)

    Exec Addr    Load Addr    Size         Type   Attr      Idx    E Section Name        Object

    0x20000008        -       0x00000060   Zero   RW          297    .bss                c_w.l(libspace.o)
    0x20000068        -       0x00000004   Zero   RW           45    .bss.ADCmail        lab8.o
    0x2000006c        -       0x00000001   Zero   RW          202    .bss.ColStart       st7735.o
    0x2000006d   0x000021c0   0x00000003   PAD
    0x20000070        -       0x00000004   Zero   RW           34    .bss.Data           lab8.o
    0x20000074        -       0x0000000c   Zero   RW          212    .bss.Message        st7735.o
    0x20000080        -       0x00000004   Zero   RW           88    .bss.PeriodicTask2  texas.o
    0x20000084        -       0x00000001   Zero   RW          203    .bss.RowStart       st7735.o
    0x20000085   0x000021c0   0x00000003   PAD
    0x20000088        -       0x00000004   Zero   RW          196    .bss.StX            st7735.o
    0x2000008c        -       0x00000004   Zero   RW          197    .bss.StY            st7735.o
    0x20000090        -       0x00000001   Zero   RW          206    .bss.TabColor       st7735.o
    0x20000091   0x000021c0   0x00000003   PAD
    0x20000094        -       0x00000004   Zero   RW          216    .bss.X              st7735.o
    0x20000098        -       0x00000004   Zero   RW          213    .bss.Ymax           st7735.o
    0x2000009c        -       0x00000004   Zero   RW          214    .bss.Ymin           st7735.o
    0x200000a0        -       0x00000004   Zero   RW          215    .bss.Yrange         st7735.o
    0x200000a4        -       0x00000001   Zero   RW          208    .bss._height        st7735.o
    0x200000a5   0x000021c0   0x00000001   PAD
    0x200000a6        -       0x00000001   Zero   RW          207    .bss._width         st7735.o
    0x200000a7   0x000021c0   0x00000001   PAD
    0x200000a8        -       0x00000004   Zero   RW           46    .bss.debug          lab8.o
    0x200000ac   0x000021c0   0x00000004   PAD
    0x200000b0        -       0x00000000   Zero   RW            2    HEAP                startup.o
    0x200000b0        -       0x00000400   Zero   RW            1    STACK               startup.o


==============================================================================

Image component sizes


      Code (inc. data)   RO Data    RW Data    ZI Data      Debug   Object Name

       232          0          0          0          0        850   adc.o
        56          0          0          0          0        248   busywait.o
       456         16          0          4         12       4631   lab8.o
       106          0          0          0          0        584   pll.o
      3248         24       1403          2         41      24702   st7735.o
       692        632          0          0       1024        956   startup.o
       328          2          0          0          0        356   stringconversion.o
      1272         12          0          0          4       4983   texas.o

    ----------------------------------------------------------------------
      6412        686       1436          8       1096      37310   Object Totals
         0          0         32          0          0          0   (incl. Generated)
        22          0          1          2         15          0   (incl. Padding)

    ----------------------------------------------------------------------

      Code (inc. data)   RO Data    RW Data    ZI Data      Debug   Library Member Name

         8          0          0          0          0         68   __main.o
         0          0          0          0          0          0   __rtentry.o
        12          0          0          0          0          0   __rtentry2.o
         6          0          0          0          0          0   __rtentry4.o
        52          8          0          0          0          0   __scatter.o
        26          0          0          0          0          0   __scatter_copy.o
        28          0          0          0          0          0   __scatter_zi.o
        18          0          0          0          0         80   exit.o
         6          0          0          0          0        152   heapauxi.o
         0          0          0          0          0          0   indicate_semi.o
         2          0          0          0          0          0   libinit.o
         2          0          0          0          0          0   libinit2.o
         2          0          0          0          0          0   libshutdown.o
         2          0          0          0          0          0   libshutdown2.o
         8          4          0          0         96         68   libspace.o
         2          0          0          0          0          0   rtexit.o
        10          0          0          0          0          0   rtexit2.o
        12          4          0          0          0         68   sys_exit.o
        74          0          0          0          0         80   sys_stackheap_outer.o
         2          0          0          0          0         68   use_no_semi.o
        54          4          0          0          0         84   ffix.o
        38          0          0          0          0         68   fflt_clz.o
       258          4          0          0          0         84   fmul.o
       140          4          0          0          0         84   fnaninf.o
        10          0          0          0          0         68   fretinf.o
         0          0          0          0          0          0   usenofp.o

    ----------------------------------------------------------------------
       784         28          0          0         96        972   Library Totals
        12          0          0          0          0          0   (incl. Padding)

    ----------------------------------------------------------------------

      Code (inc. data)   RO Data    RW Data    ZI Data      Debug   Library Name

       272         16          0          0         96        584   c_w.l
       500         12          0          0          0        388   fz_ws.l

    ----------------------------------------------------------------------
       784         28          0          0         96        972   Library Totals

    ----------------------------------------------------------------------

==============================================================================


      Code (inc. data)   RO Data    RW Data    ZI Data      Debug   

      7196        714       1436          8       1192      37834   Grand Totals
      7196        714       1436          8       1192      37834   ELF Image Totals
      7196        714       1436          8          0          0   ROM Totals

==============================================================================

    Total RO  Size (Code + RO Data)                 8632 (   8.43kB)
    Total RW  Size (RW Data + ZI Data)              1200 (   1.17kB)
    Total ROM Size (Code + RO Data + RW Data)       8640 (   8.44kB)

==============================================================================

